#! 
:ivl_version "14.0 (devel)" "(s20260301-322-ga4989d023-dirty)";
:ivl_delay_selection "TYPICAL";
:vpi_time_precision - 12;
:vpi_module "D:\oss-cad-suite\lib\ivl\system.vpi";
:vpi_module "D:\oss-cad-suite\lib\ivl\vhdl_sys.vpi";
:vpi_module "D:\oss-cad-suite\lib\ivl\vhdl_textio.vpi";
:vpi_module "D:\oss-cad-suite\lib\ivl\v2005_math.vpi";
:vpi_module "D:\oss-cad-suite\lib\ivl\va_math.vpi";
:vpi_module "D:\oss-cad-suite\lib\ivl\v2009.vpi";
S_000002ad33a19b40 .scope package, "$unit" "$unit" 2 1;
 .timescale 0 0;
S_000002ad33a19cd0 .scope module, "tb" "tb" 3 3;
 .timescale -9 -12;
v000002ad33b3b3b0_0 .var "clk", 0 0;
L_000002ad33a8a970 .functor BUFT 1, C8<551>, C4<0>, C4<0>, C4<0>;
RS_000002ad33af1888 .resolv tri, L_000002ad33a8a970, L_000002ad33b3c350;
v000002ad33b3b450_0 .net8 "i2c_scl", 0 0, RS_000002ad33af1888;  2 drivers, strength-aware
L_000002ad33a8a7b0 .functor BUFT 1, C8<551>, C4<0>, C4<0>, C4<0>;
RS_000002ad33af18b8 .resolv tri, L_000002ad33a8a7b0, L_000002ad33b3c710;
v000002ad33b3b810_0 .net8 "i2c_sda", 0 0, RS_000002ad33af18b8;  2 drivers, strength-aware
v000002ad33b3c670_0 .var "rst", 0 0;
v000002ad33b3b950_0 .net "wb_ack_o", 0 0, L_000002ad33a8a0b0;  1 drivers
v000002ad33b3bbd0_0 .var "wb_adr_i", 31 0;
v000002ad33b3bc70_0 .var "wb_cyc_i", 0 0;
v000002ad33b3bd10_0 .var "wb_dat_i", 31 0;
v000002ad33b3c850_0 .net "wb_dat_o", 31 0, L_000002ad33a8a120;  1 drivers
v000002ad33b3bdb0_0 .var "wb_sel_i", 3 0;
v000002ad33b3be50_0 .var "wb_stb_i", 0 0;
v000002ad33b3bef0_0 .var "wb_we_i", 0 0;
S_000002ad33a19e60 .scope module, "dut" "wb_i2c_zipcpu" 3 18, 4 3 0, S_000002ad33a19cd0;
 .timescale -9 -12;
    .port_info 0 /INPUT 1 "clk";
    .port_info 1 /INPUT 1 "rst";
    .port_info 2 /INPUT 32 "wb_adr_i";
    .port_info 3 /INPUT 32 "wb_dat_i";
    .port_info 4 /OUTPUT 32 "wb_dat_o";
    .port_info 5 /INPUT 4 "wb_sel_i";
    .port_info 6 /INPUT 1 "wb_we_i";
    .port_info 7 /INPUT 1 "wb_cyc_i";
    .port_info 8 /INPUT 1 "wb_stb_i";
    .port_info 9 /OUTPUT 1 "wb_ack_o";
    .port_info 10 /INOUT 1 "i2c_scl";
    .port_info 11 /INOUT 1 "i2c_sda";
P_000002ad33aee4c0 .param/l "ADDR" 0 4 4, C4<00010000000000000101000000000000>;
P_000002ad33aee4f8 .param/l "CLOCKS_PER_TICK" 0 4 6, C4<00000000001111101000>;
P_000002ad33aee530 .param/l "LITTLE_ENDIAN" 0 4 8, C4<1>;
P_000002ad33aee568 .param/l "MEM_ADDR_BITS" 0 4 7, +C4<00000000000000000000000000001000>;
P_000002ad33aee5a0 .param/l "TICKBITS" 0 4 5, C4<010100>;
L_000002ad33a8a6d0 .functor BUFZ 1, v000002ad33b3bc70_0, C4<0>, C4<0>, C4<0>;
L_000002ad33a8a900 .functor BUFZ 1, v000002ad33b3be50_0, C4<0>, C4<0>, C4<0>;
L_000002ad33a8af20 .functor BUFZ 1, v000002ad33b3bef0_0, C4<0>, C4<0>, C4<0>;
L_000002ad33a8a740 .functor BUFZ 32, v000002ad33b3bd10_0, C4<00000000000000000000000000000000>, C4<00000000000000000000000000000000>, C4<00000000000000000000000000000000>;
L_000002ad33a8a040 .functor BUFZ 4, v000002ad33b3bdb0_0, C4<0000>, C4<0000>, C4<0000>;
L_000002ad33a8a0b0 .functor BUFZ 1, v000002ad33b38b60_0, C4<0>, C4<0>, C4<0>;
L_000002ad33a8a120 .functor BUFZ 32, v000002ad33b38a20_0, C4<00000000000000000000000000000000>, C4<00000000000000000000000000000000>, C4<00000000000000000000000000000000>;
L_000002ad33a8aba0 .functor BUFZ 1, RS_000002ad33af1888, C4<0>, C4<0>, C4<0>;
L_000002ad33a8a200 .functor BUFZ 1, RS_000002ad33af18b8, C4<0>, C4<0>, C4<0>;
v000002ad33b39740_0 .net *"_ivl_11", 5 0, L_000002ad33b3c030;  1 drivers
L_000002ad33b40d90 .functor BUFT 1, C4<0>, C4<0>, C4<0>, C4<0>;
v000002ad33b399c0_0 .net *"_ivl_15", 0 0, L_000002ad33b40d90;  1 drivers
o000002ad33af1798 .functor BUFZ 1, c4<z>; HiZ drive
; Elide local net with no drivers, v000002ad33b397e0_0 name=_ivl_24
L_000002ad33b40dd8 .functor BUFT 1, C4<0>, C4<0>, C4<0>, C4<0>;
v000002ad33b3b090_0 .net/2u *"_ivl_26", 0 0, L_000002ad33b40dd8;  1 drivers
o000002ad33af17f8 .functor BUFZ 1, c4<z>; HiZ drive
; Elide local net with no drivers, v000002ad33b3ca30_0 name=_ivl_30
L_000002ad33b40e20 .functor BUFT 1, C4<0>, C4<0>, C4<0>, C4<0>;
v000002ad33b3c170_0 .net/2u *"_ivl_32", 0 0, L_000002ad33b40e20;  1 drivers
L_000002ad33b40d48 .functor BUFT 1, C4<00010000000000000101000000000000>, C4<0>, C4<0>, C4<0>;
v000002ad33b3c210_0 .net/2u *"_ivl_6", 31 0, L_000002ad33b40d48;  1 drivers
v000002ad33b3c990_0 .net "clk", 0 0, v000002ad33b3b3b0_0;  1 drivers
v000002ad33b3cb70_0 .net8 "i2c_scl", 0 0, RS_000002ad33af1888;  alias, 2 drivers, strength-aware
v000002ad33b3cc10_0 .net "i2c_scl_i", 0 0, L_000002ad33a8aba0;  1 drivers
v000002ad33b3cad0_0 .net "i2c_scl_o", 0 0, v000002ad33abe730_0;  1 drivers
v000002ad33b3b9f0_0 .net8 "i2c_sda", 0 0, RS_000002ad33af18b8;  alias, 2 drivers, strength-aware
v000002ad33b3c2b0_0 .net "i2c_sda_i", 0 0, L_000002ad33a8a200;  1 drivers
v000002ad33b3ad70_0 .net "i2c_sda_o", 0 0, v000002ad33abdab0_0;  1 drivers
v000002ad33b3b1d0_0 .net "i_wb_addr", 6 0, L_000002ad33b3c0d0;  1 drivers
v000002ad33b3aeb0_0 .net "i_wb_cyc", 0 0, L_000002ad33a8a6d0;  1 drivers
v000002ad33b3c8f0_0 .net "i_wb_data", 31 0, L_000002ad33a8a740;  1 drivers
v000002ad33b3ae10_0 .net "i_wb_sel", 3 0, L_000002ad33a8a040;  1 drivers
v000002ad33b3bb30_0 .net "i_wb_stb", 0 0, L_000002ad33a8a900;  1 drivers
v000002ad33b3b270_0 .net "i_wb_we", 0 0, L_000002ad33a8af20;  1 drivers
v000002ad33b3b6d0_0 .net "o_wb_ack", 0 0, v000002ad33b38b60_0;  1 drivers
v000002ad33b3b8b0_0 .net "o_wb_data", 31 0, v000002ad33b38a20_0;  1 drivers
L_000002ad33b40ef8 .functor BUFT 1, C4<0>, C4<0>, C4<0>, C4<0>;
v000002ad33b3c490_0 .net "o_wb_stall", 0 0, L_000002ad33b40ef8;  1 drivers
v000002ad33b3af50_0 .net "rst", 0 0, v000002ad33b3c670_0;  1 drivers
v000002ad33b3aff0_0 .net "wb_ack_o", 0 0, L_000002ad33a8a0b0;  alias, 1 drivers
v000002ad33b3b130_0 .net "wb_addr_offset", 31 0, L_000002ad33b3bf90;  1 drivers
v000002ad33b3b630_0 .net "wb_adr_i", 31 0, v000002ad33b3bbd0_0;  1 drivers
v000002ad33b3b4f0_0 .net "wb_cyc_i", 0 0, v000002ad33b3bc70_0;  1 drivers
v000002ad33b3c7b0_0 .net "wb_dat_i", 31 0, v000002ad33b3bd10_0;  1 drivers
v000002ad33b3b310_0 .net "wb_dat_o", 31 0, L_000002ad33a8a120;  alias, 1 drivers
v000002ad33b3b590_0 .net "wb_sel_i", 3 0, v000002ad33b3bdb0_0;  1 drivers
v000002ad33b3b770_0 .net "wb_stb_i", 0 0, v000002ad33b3be50_0;  1 drivers
v000002ad33b3ba90_0 .net "wb_we_i", 0 0, v000002ad33b3bef0_0;  1 drivers
L_000002ad33b3bf90 .arith/sub 32, v000002ad33b3bbd0_0, L_000002ad33b40d48;
L_000002ad33b3c030 .part L_000002ad33b3bf90, 2, 6;
L_000002ad33b3c0d0 .concat [ 6 1 0 0], L_000002ad33b3c030, L_000002ad33b40d90;
L_000002ad33b3c350 .functor MUXZ 1, L_000002ad33b40dd8, o000002ad33af1798, v000002ad33abe730_0, C4<>;
L_000002ad33b3c710 .functor MUXZ 1, L_000002ad33b40e20, o000002ad33af17f8, v000002ad33abdab0_0, C4<>;
S_000002ad33aee710 .scope module, "i2c_core" "wbi2cmaster" 4 68, 5 89 0, S_000002ad33a19e60;
 .timescale -9 -12;
    .port_info 0 /INPUT 1 "i_clk";
    .port_info 1 /INPUT 1 "i_reset";
    .port_info 2 /INPUT 1 "i_wb_cyc";
    .port_info 3 /INPUT 1 "i_wb_stb";
    .port_info 4 /INPUT 1 "i_wb_we";
    .port_info 5 /INPUT 7 "i_wb_addr";
    .port_info 6 /INPUT 32 "i_wb_data";
    .port_info 7 /INPUT 4 "i_wb_sel";
    .port_info 8 /OUTPUT 1 "o_wb_stall";
    .port_info 9 /OUTPUT 1 "o_wb_ack";
    .port_info 10 /OUTPUT 32 "o_wb_data";
    .port_info 11 /INPUT 1 "i_i2c_scl";
    .port_info 12 /INPUT 1 "i_i2c_sda";
    .port_info 13 /OUTPUT 1 "o_i2c_scl";
    .port_info 14 /OUTPUT 1 "o_i2c_sda";
    .port_info 15 /OUTPUT 1 "o_int";
    .port_info 16 /OUTPUT 32 "o_dbg";
P_000002ad33a59680 .param/l "CLOCKS_PER_TICK" 0 5 95, C4<00000000001111101000>;
P_000002ad33a596b8 .param/l "CONSTANT_SPEED" 0 5 91, C4<0>;
P_000002ad33a596f0 .param/l "I2MCLEANUP" 1 5 136, C4<110>;
P_000002ad33a59728 .param/l "I2MDEVADDR" 1 5 131, C4<001>;
P_000002ad33a59760 .param/l "I2MIDLE" 1 5 130, C4<000>;
P_000002ad33a59798 .param/l "I2MRDDEV" 1 5 133, C4<011>;
P_000002ad33a597d0 .param/l "I2MRDSTOP" 1 5 132, C4<010>;
P_000002ad33a59808 .param/l "I2MRXDATA" 1 5 135, C4<101>;
P_000002ad33a59840 .param/l "I2MTXDATA" 1 5 134, C4<100>;
P_000002ad33a59878 .param/l "LITTLE_ENDIAN" 0 5 93, C4<1>;
P_000002ad33a598b0 .param/l "MEM_ADDR_BITS" 0 5 96, +C4<00000000000000000000000000001000>;
P_000002ad33a598e8 .param/l "READ_ONLY" 0 5 92, C4<0>;
P_000002ad33a59920 .param/l "TICKBITS" 0 5 94, C4<010100>;
L_000002ad33a8ac80 .functor BUFZ 8, v000002ad33b39ba0_0, C4<00000000>, C4<00000000>, C4<00000000>;
L_000002ad33a8a4a0 .functor AND 1, v000002ad33b39920_0, v000002ad33abd5b0_0, C4<1>, C4<1>;
v000002ad33abd1f0_0 .net *"_ivl_11", 5 0, L_000002ad33b9a7f0;  1 drivers
v000002ad33abe550_0 .net *"_ivl_13", 14 0, L_000002ad33b995d0;  1 drivers
L_000002ad33b40f40 .functor BUFT 1, C4<0>, C4<0>, C4<0>, C4<0>;
v000002ad33abd8d0_0 .net/2u *"_ivl_16", 0 0, L_000002ad33b40f40;  1 drivers
v000002ad33abea50_0 .net *"_ivl_19", 13 0, L_000002ad33b99530;  1 drivers
v000002ad33abde70_0 .net *"_ivl_20", 15 0, L_000002ad33b9a6b0;  1 drivers
v000002ad33abdfb0_0 .net *"_ivl_7", 2 0, L_000002ad33b3c5d0;  1 drivers
v000002ad33abe5f0_0 .net *"_ivl_9", 6 0, L_000002ad33b99210;  1 drivers
v000002ad33abe7d0_0 .var "acks_pending", 1 0;
v000002ad33abe870_0 .var "count_left", 7 0;
v000002ad33abec30_0 .net "i_clk", 0 0, v000002ad33b3b3b0_0;  alias, 1 drivers
v000002ad33abe910_0 .net "i_i2c_scl", 0 0, L_000002ad33a8aba0;  alias, 1 drivers
v000002ad33abee10_0 .net "i_i2c_sda", 0 0, L_000002ad33a8a200;  alias, 1 drivers
v000002ad33abe690_0 .net "i_reset", 0 0, v000002ad33b3c670_0;  alias, 1 drivers
v000002ad33abe9b0_0 .net "i_wb_addr", 6 0, L_000002ad33b3c0d0;  alias, 1 drivers
v000002ad33abd290_0 .net "i_wb_cyc", 0 0, L_000002ad33a8a6d0;  alias, 1 drivers
v000002ad33abd330_0 .net "i_wb_data", 31 0, L_000002ad33a8a740;  alias, 1 drivers
v000002ad33abd3d0_0 .net "i_wb_sel", 3 0, L_000002ad33a8a040;  alias, 1 drivers
v000002ad33abd470_0 .net "i_wb_stb", 0 0, L_000002ad33a8a900;  alias, 1 drivers
v000002ad33abd510_0 .net "i_wb_we", 0 0, L_000002ad33a8af20;  alias, 1 drivers
v000002ad33abd5b0_0 .var "ien", 0 0;
v000002ad33b39920_0 .var "isr", 0 0;
v000002ad33b39240_0 .var "last_ack", 0 0;
v000002ad33b38ac0_0 .var "last_addr_flag", 0 0;
v000002ad33b383e0_0 .var "last_adr", 7 0;
v000002ad33b392e0_0 .var "last_dev", 6 0;
v000002ad33b39380_0 .var "last_err", 0 0;
v000002ad33b38ca0_0 .var "last_op", 0 0;
v000002ad33b39c40_0 .net "ll_dbg", 31 0, L_000002ad33b3c3f0;  1 drivers
v000002ad33b3a1e0_0 .net "ll_i2c_ack", 0 0, v000002ad33abdb50_0;  1 drivers
v000002ad33b39ce0_0 .var "ll_i2c_cyc", 0 0;
v000002ad33b38700_0 .net "ll_i2c_err", 0 0, v000002ad33abda10_0;  1 drivers
v000002ad33b388e0_0 .net "ll_i2c_rx_data", 7 0, v000002ad33abddd0_0;  1 drivers
v000002ad33b39100_0 .net "ll_i2c_stall", 0 0, v000002ad33abd650_0;  1 drivers
v000002ad33b39d80_0 .var "ll_i2c_stb", 0 0;
v000002ad33b39e20_0 .var "ll_i2c_tx_data", 7 0;
v000002ad33b38340_0 .var "ll_i2c_we", 0 0;
v000002ad33b39560 .array "mem", 63 0, 31 0;
v000002ad33b3a0a0_0 .var "mstate", 2 0;
v000002ad33b39ba0_0 .var "newadr", 7 0;
v000002ad33b39880_0 .var "newdev", 7 1;
v000002ad33b38c00_0 .var "newrx_txn", 0 0;
v000002ad33b39ec0_0 .net "o_dbg", 31 0, L_000002ad33b9a2f0;  1 drivers
v000002ad33b387a0_0 .net "o_i2c_scl", 0 0, v000002ad33abe730_0;  alias, 1 drivers
v000002ad33b39f60_0 .net "o_i2c_sda", 0 0, v000002ad33abdab0_0;  alias, 1 drivers
v000002ad33b3a000_0 .net "o_int", 0 0, L_000002ad33a8a4a0;  1 drivers
v000002ad33b38b60_0 .var "o_wb_ack", 0 0;
v000002ad33b38a20_0 .var "o_wb_data", 31 0;
v000002ad33b3a140_0 .net "o_wb_stall", 0 0, L_000002ad33b40ef8;  alias, 1 drivers
v000002ad33b38480_0 .var "r_busy", 0 0;
v000002ad33b39a60_0 .var "r_speed", 19 0;
v000002ad33b39b00_0 .var "r_write_lock", 0 0;
v000002ad33b38840_0 .var "r_write_pause", 1 0;
v000002ad33b38520_0 .var "rd_addr", 7 0;
v000002ad33b385c0_0 .var "rd_byte", 7 0;
v000002ad33b38d40_0 .var "rd_inc", 0 0;
v000002ad33b38e80_0 .var "rd_sel", 1 0;
v000002ad33b38660_0 .var "rd_stb", 0 0;
v000002ad33b38980_0 .var "rd_word", 31 0;
v000002ad33b38de0_0 .var "start_request", 0 0;
v000002ad33b38f20_0 .net "unused", 0 0, L_000002ad33b99df0;  1 drivers
v000002ad33b38fc0_0 .net "w_byte_addr", 7 0, L_000002ad33a8ac80;  1 drivers
v000002ad33b391a0_0 .var "w_wb_status", 31 0;
v000002ad33b39060_0 .var "wr_addr", 7 0;
v000002ad33b39420_0 .var "wr_data", 31 0;
v000002ad33b394c0_0 .var "wr_inc", 0 0;
v000002ad33b39600_0 .var "wr_sel", 3 0;
v000002ad33b396a0_0 .var "zero_speed_err", 0 0;
E_000002ad33a9ff20/0 .event anyedge, v000002ad33abe870_0, v000002ad33b383e0_0, v000002ad33b392e0_0, v000002ad33b38480_0;
E_000002ad33a9ff20/1 .event anyedge, v000002ad33b39380_0;
E_000002ad33a9ff20 .event/or E_000002ad33a9ff20/0, E_000002ad33a9ff20/1;
L_000002ad33b3c5d0 .part L_000002ad33b3c3f0, 29, 3;
L_000002ad33b99210 .part v000002ad33b383e0_0, 0, 7;
L_000002ad33b9a7f0 .part v000002ad33abe870_0, 0, 6;
L_000002ad33b995d0 .part L_000002ad33b3c3f0, 0, 15;
LS_000002ad33b9a2f0_0_0 .concat [ 15 6 1 7], L_000002ad33b995d0, L_000002ad33b9a7f0, v000002ad33b394c0_0, L_000002ad33b99210;
LS_000002ad33b9a2f0_0_4 .concat [ 3 0 0 0], L_000002ad33b3c5d0;
L_000002ad33b9a2f0 .concat [ 29 3 0 0], LS_000002ad33b9a2f0_0_0, LS_000002ad33b9a2f0_0_4;
L_000002ad33b99530 .part L_000002ad33b3c3f0, 15, 14;
L_000002ad33b9a6b0 .concat [ 14 1 1 0], L_000002ad33b99530, L_000002ad33a8a6d0, L_000002ad33b40f40;
L_000002ad33b99df0 .reduce/and L_000002ad33b9a6b0;
S_000002ad339d6750 .scope module, "lowlvl" "lli2cm" 5 204, 6 43 0, S_000002ad33aee710;
 .timescale -9 -12;
    .port_info 0 /INPUT 1 "i_clk";
    .port_info 1 /INPUT 1 "i_rst";
    .port_info 2 /INPUT 20 "i_clocks";
    .port_info 3 /INPUT 1 "i_cyc";
    .port_info 4 /INPUT 1 "i_stb";
    .port_info 5 /INPUT 1 "i_we";
    .port_info 6 /INPUT 8 "i_data";
    .port_info 7 /OUTPUT 1 "o_ack";
    .port_info 8 /OUTPUT 1 "o_busy";
    .port_info 9 /OUTPUT 1 "o_err";
    .port_info 10 /OUTPUT 8 "o_data";
    .port_info 11 /INPUT 1 "i_scl";
    .port_info 12 /INPUT 1 "i_sda";
    .port_info 13 /OUTPUT 1 "o_scl";
    .port_info 14 /OUTPUT 1 "o_sda";
    .port_info 15 /OUTPUT 32 "o_dbg";
P_000002ad33ab6ad0 .param/l "CLOCKS_PER_TICK" 0 6 46, C4<00000000001111101000>;
P_000002ad33ab6b08 .param/l "I2CMACK_CLR" 1 6 83, C4<1001>;
P_000002ad33ab6b40 .param/l "I2CMACK_NEGEDGE" 1 6 82, C4<1000>;
P_000002ad33ab6b78 .param/l "I2CMACK_POSEDGE" 1 6 81, C4<0111>;
P_000002ad33ab6bb0 .param/l "I2CMACK_SET" 1 6 80, C4<0110>;
P_000002ad33ab6be8 .param/l "I2CMBIT_CLR" 1 6 79, C4<0101>;
P_000002ad33ab6c20 .param/l "I2CMBIT_NEGEDGE" 1 6 78, C4<0100>;
P_000002ad33ab6c58 .param/l "I2CMBIT_POSEDGE" 1 6 77, C4<0011>;
P_000002ad33ab6c90 .param/l "I2CMBIT_SET" 1 6 76, C4<0010>;
P_000002ad33ab6cc8 .param/l "I2CMFINAL" 1 6 89, C4<1111>;
P_000002ad33ab6d00 .param/l "I2CMIDLE" 1 6 74, C4<0000>;
P_000002ad33ab6d38 .param/l "I2CMRESTART" 1 6 84, C4<1010>;
P_000002ad33ab6d70 .param/l "I2CMRESTART_NEGEDGE" 1 6 86, C4<1100>;
P_000002ad33ab6da8 .param/l "I2CMRESTART_POSEDGE" 1 6 85, C4<1011>;
P_000002ad33ab6de0 .param/l "I2CMSTART" 1 6 75, C4<0001>;
P_000002ad33ab6e18 .param/l "I2CMSTOP" 1 6 87, C4<1101>;
P_000002ad33ab6e50 .param/l "I2CMSTOPPD" 1 6 88, C4<1110>;
P_000002ad33ab6e88 .param/l "PROGRAMMABLE_RATE" 0 6 47, C4<1>;
P_000002ad33ab6ec0 .param/l "TICKBITS" 0 6 45, C4<010100>;
L_000002ad33b40e68 .functor BUFT 1, C4<0000000000000>, C4<0>, C4<0>, C4<0>;
v000002ad33a8d6a0_0 .net/2u *"_ivl_0", 12 0, L_000002ad33b40e68;  1 drivers
L_000002ad33b40eb0 .functor BUFT 1, C4<0>, C4<0>, C4<0>, C4<0>;
v000002ad33a8d880_0 .net/2u *"_ivl_2", 0 0, L_000002ad33b40eb0;  1 drivers
v000002ad33a8d920_0 .var "channel_busy", 0 0;
v000002ad33a8d380_0 .var "ck_scl", 0 0;
v000002ad33a8d420_0 .var "ck_sda", 0 0;
v000002ad33a8dd80_0 .var "clock", 19 0;
v000002ad33a8dec0_0 .var "clocks_per_tick", 19 0;
v000002ad33a8d600_0 .net "i_clk", 0 0, v000002ad33b3b3b0_0;  alias, 1 drivers
v000002ad33abed70_0 .net "i_clocks", 19 0, v000002ad33b39a60_0;  1 drivers
v000002ad33abd010_0 .net "i_cyc", 0 0, v000002ad33b39ce0_0;  1 drivers
v000002ad33abeb90_0 .net "i_data", 7 0, v000002ad33b39e20_0;  1 drivers
v000002ad33abecd0_0 .net "i_rst", 0 0, v000002ad33b3c670_0;  alias, 1 drivers
v000002ad33abd970_0 .net "i_scl", 0 0, L_000002ad33a8aba0;  alias, 1 drivers
v000002ad33abe0f0_0 .net "i_sda", 0 0, L_000002ad33a8a200;  alias, 1 drivers
v000002ad33abe190_0 .net "i_stb", 0 0, v000002ad33b39d80_0;  1 drivers
v000002ad33abd6f0_0 .net "i_we", 0 0, v000002ad33b38340_0;  1 drivers
v000002ad33abdbf0_0 .var "lst_scl", 0 0;
v000002ad33abcf70_0 .var "lst_sda", 0 0;
v000002ad33abeaf0_0 .var "nbits", 2 0;
v000002ad33abdb50_0 .var "o_ack", 0 0;
v000002ad33abd650_0 .var "o_busy", 0 0;
v000002ad33abddd0_0 .var "o_data", 7 0;
v000002ad33abd790_0 .net "o_dbg", 31 0, L_000002ad33b3c3f0;  alias, 1 drivers
v000002ad33abda10_0 .var "o_err", 0 0;
v000002ad33abe730_0 .var "o_scl", 0 0;
v000002ad33abdab0_0 .var "o_sda", 0 0;
v000002ad33abdc90_0 .var "q_scl", 0 0;
v000002ad33abe050_0 .var "q_sda", 0 0;
v000002ad33abdd30_0 .var "r_cyc", 0 0;
v000002ad33abe230_0 .var "r_data", 7 0;
v000002ad33abe2d0_0 .var "r_err", 0 0;
v000002ad33abe370_0 .var "r_we", 0 0;
v000002ad33abdf10_0 .var "start_bit", 0 0;
v000002ad33abe410_0 .var "state", 3 0;
v000002ad33abd0b0_0 .var "stop_bit", 0 0;
v000002ad33abe4b0_0 .var "watchdog", 27 0;
v000002ad33abd150_0 .var "watchdog_timeout", 0 0;
v000002ad33abd830_0 .var "zclk", 0 0;
E_000002ad33a9f4a0 .event posedge, v000002ad33a8d600_0;
LS_000002ad33b3c3f0_0_0 .concat [ 1 1 1 1], v000002ad33abdab0_0, v000002ad33abe730_0, v000002ad33a8d420_0, v000002ad33a8d380_0;
LS_000002ad33b3c3f0_0_4 .concat [ 4 1 1 1], v000002ad33abe410_0, v000002ad33a8d920_0, v000002ad33abdf10_0, v000002ad33abd0b0_0;
LS_000002ad33b3c3f0_0_8 .concat [ 1 1 1 1], v000002ad33abda10_0, v000002ad33abd650_0, v000002ad33abdb50_0, v000002ad33abd150_0;
LS_000002ad33b3c3f0_0_12 .concat [ 1 13 1 1], L_000002ad33b40eb0, L_000002ad33b40e68, v000002ad33b39d80_0, v000002ad33b39ce0_0;
LS_000002ad33b3c3f0_0_16 .concat [ 1 0 0 0], v000002ad33b39ce0_0;
LS_000002ad33b3c3f0_1_0 .concat [ 4 7 4 16], LS_000002ad33b3c3f0_0_0, LS_000002ad33b3c3f0_0_4, LS_000002ad33b3c3f0_0_8, LS_000002ad33b3c3f0_0_12;
LS_000002ad33b3c3f0_1_4 .concat [ 1 0 0 0], LS_000002ad33b3c3f0_0_16;
L_000002ad33b3c3f0 .concat [ 31 1 0 0], LS_000002ad33b3c3f0_1_0, LS_000002ad33b3c3f0_1_4;
    .scope S_000002ad339d6750;
T_0 ;
    %wait E_000002ad33a9f4a0;
    %load/vec4 v000002ad33abed70_0;
    %assign/vec4 v000002ad33a8dec0_0, 0;
    %jmp T_0;
    .thread T_0;
    .scope S_000002ad339d6750;
T_1 ;
    %pushi/vec4 1, 0, 1;
    %store/vec4 v000002ad33abdc90_0, 0, 1;
    %end;
    .thread T_1;
    .scope S_000002ad339d6750;
T_2 ;
    %pushi/vec4 1, 0, 1;
    %store/vec4 v000002ad33abe050_0, 0, 1;
    %end;
    .thread T_2;
    .scope S_000002ad339d6750;
T_3 ;
    %pushi/vec4 1, 0, 1;
    %store/vec4 v000002ad33a8d380_0, 0, 1;
    %end;
    .thread T_3;
    .scope S_000002ad339d6750;
T_4 ;
    %pushi/vec4 1, 0, 1;
    %store/vec4 v000002ad33a8d420_0, 0, 1;
    %end;
    .thread T_4;
    .scope S_000002ad339d6750;
T_5 ;
    %pushi/vec4 1, 0, 1;
    %store/vec4 v000002ad33abdbf0_0, 0, 1;
    %end;
    .thread T_5;
    .scope S_000002ad339d6750;
T_6 ;
    %pushi/vec4 1, 0, 1;
    %store/vec4 v000002ad33abcf70_0, 0, 1;
    %end;
    .thread T_6;
    .scope S_000002ad339d6750;
T_7 ;
    %wait E_000002ad33a9f4a0;
    %load/vec4 v000002ad33abecd0_0;
    %flag_set/vec4 8;
    %jmp/0xz  T_7.0, 8;
    %pushi/vec4 1, 0, 1;
    %assign/vec4 v000002ad33abdc90_0, 0;
    %pushi/vec4 1, 0, 1;
    %assign/vec4 v000002ad33abe050_0, 0;
    %pushi/vec4 1, 0, 1;
    %assign/vec4 v000002ad33a8d380_0, 0;
    %pushi/vec4 1, 0, 1;
    %assign/vec4 v000002ad33a8d420_0, 0;
    %pushi/vec4 1, 0, 1;
    %assign/vec4 v000002ad33abdbf0_0, 0;
    %pushi/vec4 1, 0, 1;
    %assign/vec4 v000002ad33abcf70_0, 0;
    %jmp T_7.1;
T_7.0 ;
    %load/vec4 v000002ad33abd970_0;
    %assign/vec4 v000002ad33abdc90_0, 0;
    %load/vec4 v000002ad33abdc90_0;
    %assign/vec4 v000002ad33a8d380_0, 0;
    %load/vec4 v000002ad33a8d380_0;
    %assign/vec4 v000002ad33abdbf0_0, 0;
    %load/vec4 v000002ad33abe0f0_0;
    %assign/vec4 v000002ad33abe050_0, 0;
    %load/vec4 v000002ad33abe050_0;
    %assign/vec4 v000002ad33a8d420_0, 0;
    %load/vec4 v000002ad33a8d420_0;
    %assign/vec4 v000002ad33abcf70_0, 0;
T_7.1 ;
    %jmp T_7;
    .thread T_7;
    .scope S_000002ad339d6750;
T_8 ;
    %pushi/vec4 0, 0, 1;
    %store/vec4 v000002ad33abdf10_0, 0, 1;
    %end;
    .thread T_8;
    .scope S_000002ad339d6750;
T_9 ;
    %pushi/vec4 0, 0, 1;
    %store/vec4 v000002ad33abd0b0_0, 0, 1;
    %end;
    .thread T_9;
    .scope S_000002ad339d6750;
T_10 ;
    %pushi/vec4 0, 0, 1;
    %store/vec4 v000002ad33a8d920_0, 0, 1;
    %end;
    .thread T_10;
    .scope S_000002ad339d6750;
T_11 ;
    %wait E_000002ad33a9f4a0;
    %load/vec4 v000002ad33abecd0_0;
    %flag_set/vec4 8;
    %jmp/0xz  T_11.0, 8;
    %pushi/vec4 0, 0, 1;
    %assign/vec4 v000002ad33abdf10_0, 0;
    %pushi/vec4 0, 0, 1;
    %assign/vec4 v000002ad33abd0b0_0, 0;
    %pushi/vec4 0, 0, 1;
    %assign/vec4 v000002ad33a8d920_0, 0;
    %jmp T_11.1;
T_11.0 ;
    %load/vec4 v000002ad33a8d380_0;
    %flag_set/vec4 10;
    %flag_get/vec4 10;
    %jmp/0 T_11.4, 10;
    %load/vec4 v000002ad33abdbf0_0;
    %and;
T_11.4;
    %flag_set/vec4 9;
    %flag_get/vec4 9;
    %jmp/0 T_11.3, 9;
    %load/vec4 v000002ad33a8d420_0;
    %nor/r;
    %and;
T_11.3;
    %flag_set/vec4 8;
    %flag_get/vec4 8;
    %jmp/0 T_11.2, 8;
    %load/vec4 v000002ad33abcf70_0;
    %and;
T_11.2;
    %assign/vec4 v000002ad33abdf10_0, 0;
    %load/vec4 v000002ad33a8d380_0;
    %flag_set/vec4 10;
    %flag_get/vec4 10;
    %jmp/0 T_11.7, 10;
    %load/vec4 v000002ad33abdbf0_0;
    %and;
T_11.7;
    %flag_set/vec4 9;
    %flag_get/vec4 9;
    %jmp/0 T_11.6, 9;
    %load/vec4 v000002ad33a8d420_0;
    %and;
T_11.6;
    %flag_set/vec4 8;
    %flag_get/vec4 8;
    %jmp/0 T_11.5, 8;
    %load/vec4 v000002ad33abcf70_0;
    %nor/r;
    %and;
T_11.5;
    %assign/vec4 v000002ad33abd0b0_0, 0;
    %load/vec4 v000002ad33a8d380_0;
    %nor/r;
    %flag_set/vec4 8;
    %jmp/1 T_11.10, 8;
    %load/vec4 v000002ad33a8d420_0;
    %nor/r;
    %flag_set/vec4 9;
    %flag_or 8, 9;
T_11.10;
    %jmp/0xz  T_11.8, 8;
    %pushi/vec4 1, 0, 1;
    %assign/vec4 v000002ad33a8d920_0, 0;
    %jmp T_11.9;
T_11.8 ;
    %load/vec4 v000002ad33abd0b0_0;
    %flag_set/vec4 8;
    %jmp/0xz  T_11.11, 8;
    %pushi/vec4 0, 0, 1;
    %assign/vec4 v000002ad33a8d920_0, 0;
T_11.11 ;
T_11.9 ;
T_11.1 ;
    %jmp T_11;
    .thread T_11;
    .scope S_000002ad339d6750;
T_12 ;
    %wait E_000002ad33a9f4a0;
    %load/vec4 v000002ad33a8d920_0;
    %nor/r;
    %flag_set/vec4 8;
    %jmp/0xz  T_12.0, 8;
    %pushi/vec4 0, 0, 28;
    %assign/vec4 v000002ad33abe4b0_0, 0;
    %jmp T_12.1;
T_12.0 ;
    %load/vec4 v000002ad33abe4b0_0;
    %and/r;
    %nor/r;
    %flag_set/vec4 8;
    %jmp/0xz  T_12.2, 8;
    %load/vec4 v000002ad33abe4b0_0;
    %addi 1, 0, 28;
    %assign/vec4 v000002ad33abe4b0_0, 0;
T_12.2 ;
T_12.1 ;
    %load/vec4 v000002ad33abe4b0_0;
    %and/r;
    %assign/vec4 v000002ad33abd150_0, 0;
    %jmp T_12;
    .thread T_12;
    .scope S_000002ad339d6750;
T_13 ;
    %pushi/vec4 1000, 0, 20;
    %store/vec4 v000002ad33a8dd80_0, 0, 20;
    %end;
    .thread T_13;
    .scope S_000002ad339d6750;
T_14 ;
    %pushi/vec4 1, 0, 1;
    %store/vec4 v000002ad33abd830_0, 0, 1;
    %end;
    .thread T_14;
    .scope S_000002ad339d6750;
T_15 ;
    %wait E_000002ad33a9f4a0;
    %load/vec4 v000002ad33abecd0_0;
    %flag_set/vec4 8;
    %jmp/0xz  T_15.0, 8;
    %pushi/vec4 1000, 0, 20;
    %assign/vec4 v000002ad33a8dd80_0, 0;
    %pushi/vec4 1, 0, 1;
    %assign/vec4 v000002ad33abd830_0, 0;
    %jmp T_15.1;
T_15.0 ;
    %load/vec4 v000002ad33abe410_0;
    %cmpi/e 0, 0, 4;
    %jmp/0xz  T_15.2, 4;
    %load/vec4 v000002ad33abd150_0;
    %flag_set/vec4 8;
    %jmp/0xz  T_15.4, 8;
    %pushi/vec4 0, 0, 20;
    %assign/vec4 v000002ad33a8dd80_0, 0;
    %pushi/vec4 1, 0, 1;
    %assign/vec4 v000002ad33abd830_0, 0;
    %jmp T_15.5;
T_15.4 ;
    %load/vec4 v000002ad33abe190_0;
    %flag_set/vec4 9;
    %flag_get/vec4 9;
    %jmp/0 T_15.9, 9;
    %load/vec4 v000002ad33abd650_0;
    %nor/r;
    %and;
T_15.9;
    %flag_set/vec4 8;
    %jmp/1 T_15.8, 8;
    %load/vec4 v000002ad33a8d920_0;
    %flag_set/vec4 9;
    %flag_or 8, 9;
T_15.8;
    %jmp/0xz  T_15.6, 8;
    %load/vec4 v000002ad33a8dec0_0;
    %assign/vec4 v000002ad33a8dd80_0, 0;
    %pushi/vec4 0, 0, 1;
    %assign/vec4 v000002ad33abd830_0, 0;
    %jmp T_15.7;
T_15.6 ;
    %pushi/vec4 0, 0, 20;
    %assign/vec4 v000002ad33a8dd80_0, 0;
    %pushi/vec4 1, 0, 1;
    %assign/vec4 v000002ad33abd830_0, 0;
T_15.7 ;
T_15.5 ;
    %jmp T_15.3;
T_15.2 ;
    %load/vec4 v000002ad33a8dd80_0;
    %pad/u 32;
    %cmpi/e 0, 0, 32;
    %jmp/1 T_15.12, 4;
    %flag_mov 8, 4;
    %load/vec4 v000002ad33abe730_0;
    %flag_set/vec4 10;
    %flag_get/vec4 10;
    %jmp/0 T_15.13, 10;
    %load/vec4 v000002ad33a8d380_0;
    %nor/r;
    %and;
T_15.13;
    %flag_set/vec4 9;
    %flag_or 9, 8;
    %flag_mov 4, 9;
T_15.12;
    %jmp/0xz  T_15.10, 4;
    %load/vec4 v000002ad33a8dec0_0;
    %assign/vec4 v000002ad33a8dd80_0, 0;
    %pushi/vec4 0, 0, 1;
    %assign/vec4 v000002ad33abd830_0, 0;
    %jmp T_15.11;
T_15.10 ;
    %load/vec4 v000002ad33a8dd80_0;
    %subi 1, 0, 20;
    %assign/vec4 v000002ad33a8dd80_0, 0;
    %load/vec4 v000002ad33a8dd80_0;
    %pad/u 32;
    %pushi/vec4 1, 0, 32;
    %cmp/e;
    %flag_get/vec4 4;
    %assign/vec4 v000002ad33abd830_0, 0;
T_15.11 ;
T_15.3 ;
T_15.1 ;
    %jmp T_15;
    .thread T_15;
    .scope S_000002ad339d6750;
T_16 ;
    %pushi/vec4 0, 0, 4;
    %store/vec4 v000002ad33abe410_0, 0, 4;
    %end;
    .thread T_16;
    .scope S_000002ad339d6750;
T_17 ;
    %pushi/vec4 0, 0, 1;
    %store/vec4 v000002ad33abdb50_0, 0, 1;
    %end;
    .thread T_17;
    .scope S_000002ad339d6750;
T_18 ;
    %pushi/vec4 0, 0, 1;
    %store/vec4 v000002ad33abd650_0, 0, 1;
    %end;
    .thread T_18;
    .scope S_000002ad339d6750;
T_19 ;
    %pushi/vec4 1, 0, 1;
    %store/vec4 v000002ad33abdd30_0, 0, 1;
    %end;
    .thread T_19;
    .scope S_000002ad339d6750;
T_20 ;
    %pushi/vec4 0, 0, 3;
    %store/vec4 v000002ad33abeaf0_0, 0, 3;
    %end;
    .thread T_20;
    .scope S_000002ad339d6750;
T_21 ;
    %pushi/vec4 0, 0, 1;
    %store/vec4 v000002ad33abe370_0, 0, 1;
    %end;
    .thread T_21;
    .scope S_000002ad339d6750;
T_22 ;
    %pushi/vec4 0, 0, 8;
    %store/vec4 v000002ad33abe230_0, 0, 8;
    %end;
    .thread T_22;
    .scope S_000002ad339d6750;
T_23 ;
    %pushi/vec4 1, 0, 1;
    %store/vec4 v000002ad33abe730_0, 0, 1;
    %end;
    .thread T_23;
    .scope S_000002ad339d6750;
T_24 ;
    %pushi/vec4 1, 0, 1;
    %store/vec4 v000002ad33abdab0_0, 0, 1;
    %end;
    .thread T_24;
    .scope S_000002ad339d6750;
T_25 ;
    %wait E_000002ad33a9f4a0;
    %load/vec4 v000002ad33abecd0_0;
    %flag_set/vec4 8;
    %jmp/0xz  T_25.0, 8;
    %pushi/vec4 0, 0, 4;
    %assign/vec4 v000002ad33abe410_0, 0;
    %pushi/vec4 0, 0, 1;
    %assign/vec4 v000002ad33abdb50_0, 0;
    %pushi/vec4 0, 0, 1;
    %assign/vec4 v000002ad33abd650_0, 0;
    %pushi/vec4 1, 0, 1;
    %assign/vec4 v000002ad33abdd30_0, 0;
    %pushi/vec4 0, 0, 3;
    %assign/vec4 v000002ad33abeaf0_0, 0;
    %pushi/vec4 0, 0, 1;
    %assign/vec4 v000002ad33abe370_0, 0;
    %pushi/vec4 0, 0, 8;
    %assign/vec4 v000002ad33abe230_0, 0;
    %pushi/vec4 1, 0, 1;
    %assign/vec4 v000002ad33abe730_0, 0;
    %pushi/vec4 1, 0, 1;
    %assign/vec4 v000002ad33abdab0_0, 0;
    %jmp T_25.1;
T_25.0 ;
    %pushi/vec4 0, 0, 1;
    %assign/vec4 v000002ad33abdb50_0, 0;
    %pushi/vec4 0, 0, 1;
    %assign/vec4 v000002ad33abda10_0, 0;
    %pushi/vec4 1, 0, 1;
    %assign/vec4 v000002ad33abd650_0, 0;
    %load/vec4 v000002ad33abdd30_0;
    %flag_set/vec4 8;
    %flag_get/vec4 8;
    %jmp/0 T_25.2, 8;
    %load/vec4 v000002ad33abd010_0;
    %and;
T_25.2;
    %assign/vec4 v000002ad33abdd30_0, 0;
    %load/vec4 v000002ad33abd830_0;
    %flag_set/vec4 8;
    %jmp/0xz  T_25.3, 8;
    %load/vec4 v000002ad33abe410_0;
    %dup/vec4;
    %pushi/vec4 0, 0, 4;
    %cmp/e;
    %jmp/1 T_25.5, 6;
    %dup/vec4;
    %pushi/vec4 1, 0, 4;
    %cmp/e;
    %jmp/1 T_25.6, 6;
    %dup/vec4;
    %pushi/vec4 2, 0, 4;
    %cmp/e;
    %jmp/1 T_25.7, 6;
    %dup/vec4;
    %pushi/vec4 3, 0, 4;
    %cmp/e;
    %jmp/1 T_25.8, 6;
    %dup/vec4;
    %pushi/vec4 4, 0, 4;
    %cmp/e;
    %jmp/1 T_25.9, 6;
    %dup/vec4;
    %pushi/vec4 5, 0, 4;
    %cmp/e;
    %jmp/1 T_25.10, 6;
    %dup/vec4;
    %pushi/vec4 6, 0, 4;
    %cmp/e;
    %jmp/1 T_25.11, 6;
    %dup/vec4;
    %pushi/vec4 7, 0, 4;
    %cmp/e;
    %jmp/1 T_25.12, 6;
    %dup/vec4;
    %pushi/vec4 8, 0, 4;
    %cmp/e;
    %jmp/1 T_25.13, 6;
    %dup/vec4;
    %pushi/vec4 9, 0, 4;
    %cmp/e;
    %jmp/1 T_25.14, 6;
    %dup/vec4;
    %pushi/vec4 10, 0, 4;
    %cmp/e;
    %jmp/1 T_25.15, 6;
    %dup/vec4;
    %pushi/vec4 11, 0, 4;
    %cmp/e;
    %jmp/1 T_25.16, 6;
    %dup/vec4;
    %pushi/vec4 12, 0, 4;
    %cmp/e;
    %jmp/1 T_25.17, 6;
    %dup/vec4;
    %pushi/vec4 13, 0, 4;
    %cmp/e;
    %jmp/1 T_25.18, 6;
    %dup/vec4;
    %pushi/vec4 14, 0, 4;
    %cmp/e;
    %jmp/1 T_25.19, 6;
    %pushi/vec4 1, 0, 1;
    %assign/vec4 v000002ad33abe730_0, 0;
    %pushi/vec4 1, 0, 1;
    %assign/vec4 v000002ad33abdab0_0, 0;
    %load/vec4 v000002ad33a8d920_0;
    %nor/r;
    %flag_set/vec4 8;
    %jmp/0xz  T_25.22, 8;
    %pushi/vec4 0, 0, 4;
    %assign/vec4 v000002ad33abe410_0, 0;
    %jmp T_25.23;
T_25.22 ;
    %load/vec4 v000002ad33abd150_0;
    %flag_set/vec4 8;
    %jmp/0xz  T_25.24, 8;
    %pushi/vec4 13, 0, 4;
    %assign/vec4 v000002ad33abe410_0, 0;
T_25.24 ;
T_25.23 ;
    %jmp T_25.21;
T_25.5 ;
    %pushi/vec4 0, 0, 1;
    %assign/vec4 v000002ad33abe2d0_0, 0;
    %pushi/vec4 0, 0, 3;
    %assign/vec4 v000002ad33abeaf0_0, 0;
    %load/vec4 v000002ad33abd010_0;
    %assign/vec4 v000002ad33abdd30_0, 0;
    %pushi/vec4 1, 0, 1;
    %assign/vec4 v000002ad33abdab0_0, 0;
    %pushi/vec4 1, 0, 1;
    %assign/vec4 v000002ad33abe730_0, 0;
    %load/vec4 v000002ad33abe190_0;
    %flag_set/vec4 9;
    %flag_get/vec4 9;
    %jmp/0 T_25.28, 9;
    %load/vec4 v000002ad33abd650_0;
    %nor/r;
    %and;
T_25.28;
    %flag_set/vec4 8;
    %jmp/0xz  T_25.26, 8;
    %load/vec4 v000002ad33abeb90_0;
    %assign/vec4 v000002ad33abe230_0, 0;
    %load/vec4 v000002ad33abd6f0_0;
    %assign/vec4 v000002ad33abe370_0, 0;
    %pushi/vec4 0, 0, 3;
    %assign/vec4 v000002ad33abeaf0_0, 0;
    %pushi/vec4 1, 0, 4;
    %assign/vec4 v000002ad33abe410_0, 0;
    %pushi/vec4 0, 0, 1;
    %assign/vec4 v000002ad33abdab0_0, 0;
    %jmp T_25.27;
T_25.26 ;
    %load/vec4 v000002ad33abd150_0;
    %flag_set/vec4 8;
    %jmp/0xz  T_25.29, 8;
    %pushi/vec4 0, 0, 1;
    %assign/vec4 v000002ad33abdab0_0, 0;
    %pushi/vec4 0, 0, 1;
    %assign/vec4 v000002ad33abe730_0, 0;
    %pushi/vec4 13, 0, 4;
    %assign/vec4 v000002ad33abe410_0, 0;
    %jmp T_25.30;
T_25.29 ;
    %pushi/vec4 0, 0, 1;
    %assign/vec4 v000002ad33abd650_0, 0;
T_25.30 ;
T_25.27 ;
    %jmp T_25.21;
T_25.6 ;
    %pushi/vec4 2, 0, 4;
    %assign/vec4 v000002ad33abe410_0, 0;
    %pushi/vec4 0, 0, 1;
    %assign/vec4 v000002ad33abdab0_0, 0;
    %pushi/vec4 0, 0, 1;
    %assign/vec4 v000002ad33abe730_0, 0;
    %jmp T_25.21;
T_25.7 ;
    %load/vec4 v000002ad33abe370_0;
    %flag_set/vec4 8;
    %jmp/0 T_25.31, 8;
    %load/vec4 v000002ad33abe230_0;
    %parti/s 1, 7, 4;
    %jmp/1 T_25.32, 8;
T_25.31 ; End of true expr.
    %pushi/vec4 1, 0, 1;
    %jmp/0 T_25.32, 8;
 ; End of false expr.
    %blend;
T_25.32;
    %assign/vec4 v000002ad33abdab0_0, 0;
    %load/vec4 v000002ad33abe370_0;
    %flag_set/vec4 8;
    %jmp/0xz  T_25.33, 8;
    %load/vec4 v000002ad33abe230_0;
    %parti/s 7, 0, 2;
    %load/vec4 v000002ad33a8d420_0;
    %concat/vec4; draw_concat_vec4
    %assign/vec4 v000002ad33abe230_0, 0;
T_25.33 ;
    %load/vec4 v000002ad33abeaf0_0;
    %subi 1, 0, 3;
    %assign/vec4 v000002ad33abeaf0_0, 0;
    %pushi/vec4 3, 0, 4;
    %assign/vec4 v000002ad33abe410_0, 0;
    %jmp T_25.21;
T_25.8 ;
    %load/vec4 v000002ad33abe370_0;
    %nor/r;
    %flag_set/vec4 8;
    %jmp/0xz  T_25.35, 8;
    %load/vec4 v000002ad33abe230_0;
    %parti/s 7, 0, 2;
    %load/vec4 v000002ad33a8d420_0;
    %concat/vec4; draw_concat_vec4
    %assign/vec4 v000002ad33abe230_0, 0;
T_25.35 ;
    %pushi/vec4 1, 0, 1;
    %assign/vec4 v000002ad33abe730_0, 0;
    %load/vec4 v000002ad33abe2d0_0;
    %flag_set/vec4 8;
    %flag_get/vec4 8;
    %jmp/1 T_25.37, 8;
    %load/vec4 v000002ad33abe370_0;
    %flag_set/vec4 8;
    %flag_get/vec4 8;
    %jmp/0 T_25.38, 8;
    %load/vec4 v000002ad33abdab0_0;
    %load/vec4 v000002ad33a8d420_0;
    %cmp/ne;
    %flag_get/vec4 4;
    %and;
T_25.38;
    %or;
T_25.37;
    %assign/vec4 v000002ad33abe2d0_0, 0;
    %pushi/vec4 4, 0, 4;
    %assign/vec4 v000002ad33abe410_0, 0;
    %jmp T_25.21;
T_25.9 ;
    %load/vec4 v000002ad33a8d380_0;
    %flag_set/vec4 8;
    %jmp/0xz  T_25.39, 8;
    %pushi/vec4 0, 0, 1;
    %assign/vec4 v000002ad33abe730_0, 0;
    %pushi/vec4 5, 0, 4;
    %assign/vec4 v000002ad33abe410_0, 0;
T_25.39 ;
    %jmp T_25.21;
T_25.10 ;
    %load/vec4 v000002ad33abeaf0_0;
    %cmpi/ne 0, 0, 3;
    %jmp/0xz  T_25.41, 4;
    %pushi/vec4 2, 0, 4;
    %assign/vec4 v000002ad33abe410_0, 0;
    %jmp T_25.42;
T_25.41 ;
    %load/vec4 v000002ad33abe370_0;
    %nor/r;
    %flag_set/vec4 9;
    %flag_get/vec4 9;
    %jmp/0 T_25.45, 9;
    %load/vec4 v000002ad33abe190_0;
    %nor/r;
    %flag_set/vec4 9;
    %flag_get/vec4 9;
    %jmp/1 T_25.46, 9;
    %load/vec4 v000002ad33abdd30_0;
    %nor/r;
    %or;
T_25.46;
    %and;
T_25.45;
    %flag_set/vec4 8;
    %jmp/0xz  T_25.43, 8;
    %pushi/vec4 13, 0, 4;
    %assign/vec4 v000002ad33abe410_0, 0;
    %jmp T_25.44;
T_25.43 ;
    %pushi/vec4 6, 0, 4;
    %assign/vec4 v000002ad33abe410_0, 0;
T_25.44 ;
T_25.42 ;
    %jmp T_25.21;
T_25.11 ;
    %load/vec4 v000002ad33abe370_0;
    %flag_set/vec4 8;
    %jmp/0 T_25.47, 8;
    %pushi/vec4 1, 0, 1;
    %jmp/1 T_25.48, 8;
T_25.47 ; End of true expr.
    %pushi/vec4 0, 0, 1;
    %jmp/0 T_25.48, 8;
 ; End of false expr.
    %blend;
T_25.48;
    %assign/vec4 v000002ad33abdab0_0, 0;
    %pushi/vec4 7, 0, 4;
    %assign/vec4 v000002ad33abe410_0, 0;
    %jmp T_25.21;
T_25.12 ;
    %pushi/vec4 1, 0, 1;
    %assign/vec4 v000002ad33abe730_0, 0;
    %pushi/vec4 8, 0, 4;
    %assign/vec4 v000002ad33abe410_0, 0;
    %jmp T_25.21;
T_25.13 ;
    %load/vec4 v000002ad33a8d380_0;
    %flag_set/vec4 8;
    %jmp/0xz  T_25.49, 8;
    %pushi/vec4 0, 0, 1;
    %assign/vec4 v000002ad33abe730_0, 0;
    %load/vec4 v000002ad33abe2d0_0;
    %flag_set/vec4 8;
    %flag_get/vec4 8;
    %jmp/1 T_25.51, 8;
    %load/vec4 v000002ad33abe370_0;
    %flag_set/vec4 8;
    %flag_get/vec4 8;
    %jmp/0 T_25.52, 8;
    %load/vec4 v000002ad33a8d420_0;
    %and;
T_25.52;
    %or;
T_25.51;
    %assign/vec4 v000002ad33abe2d0_0, 0;
    %pushi/vec4 9, 0, 4;
    %assign/vec4 v000002ad33abe410_0, 0;
T_25.49 ;
    %jmp T_25.21;
T_25.14 ;
    %load/vec4 v000002ad33abe2d0_0;
    %assign/vec4 v000002ad33abda10_0, 0;
    %load/vec4 v000002ad33abe230_0;
    %assign/vec4 v000002ad33abddd0_0, 0;
    %pushi/vec4 1, 0, 1;
    %assign/vec4 v000002ad33abdb50_0, 0;
    %pushi/vec4 0, 0, 1;
    %assign/vec4 v000002ad33abdab0_0, 0;
    %pushi/vec4 0, 0, 1;
    %assign/vec4 v000002ad33abe730_0, 0;
    %load/vec4 v000002ad33abe2d0_0;
    %flag_set/vec4 8;
    %jmp/0xz  T_25.53, 8;
    %pushi/vec4 13, 0, 4;
    %assign/vec4 v000002ad33abe410_0, 0;
    %jmp T_25.54;
T_25.53 ;
    %load/vec4 v000002ad33abe190_0;
    %flag_set/vec4 10;
    %flag_get/vec4 10;
    %jmp/0 T_25.58, 10;
    %load/vec4 v000002ad33abdd30_0;
    %and;
T_25.58;
    %flag_set/vec4 9;
    %flag_get/vec4 9;
    %jmp/0 T_25.57, 9;
    %load/vec4 v000002ad33abd010_0;
    %and;
T_25.57;
    %flag_set/vec4 8;
    %jmp/0xz  T_25.55, 8;
    %pushi/vec4 0, 0, 1;
    %assign/vec4 v000002ad33abd650_0, 0;
    %load/vec4 v000002ad33abd6f0_0;
    %assign/vec4 v000002ad33abe370_0, 0;
    %load/vec4 v000002ad33abeb90_0;
    %assign/vec4 v000002ad33abe230_0, 0;
    %pushi/vec4 1, 0, 4;
    %assign/vec4 v000002ad33abe410_0, 0;
    %pushi/vec4 0, 0, 3;
    %assign/vec4 v000002ad33abeaf0_0, 0;
    %jmp T_25.56;
T_25.55 ;
    %load/vec4 v000002ad33abd010_0;
    %flag_set/vec4 10;
    %flag_get/vec4 10;
    %jmp/0 T_25.62, 10;
    %load/vec4 v000002ad33abe190_0;
    %and;
T_25.62;
    %flag_set/vec4 9;
    %flag_get/vec4 9;
    %jmp/0 T_25.61, 9;
    %load/vec4 v000002ad33abdd30_0;
    %nor/r;
    %and;
T_25.61;
    %flag_set/vec4 8;
    %jmp/0xz  T_25.59, 8;
    %pushi/vec4 10, 0, 4;
    %assign/vec4 v000002ad33abe410_0, 0;
    %jmp T_25.60;
T_25.59 ;
    %pushi/vec4 13, 0, 4;
    %assign/vec4 v000002ad33abe410_0, 0;
T_25.60 ;
T_25.56 ;
T_25.54 ;
    %jmp T_25.21;
T_25.15 ;
    %pushi/vec4 1, 0, 1;
    %assign/vec4 v000002ad33abdab0_0, 0;
    %pushi/vec4 11, 0, 4;
    %assign/vec4 v000002ad33abe410_0, 0;
    %jmp T_25.21;
T_25.16 ;
    %pushi/vec4 1, 0, 1;
    %assign/vec4 v000002ad33abdab0_0, 0;
    %pushi/vec4 1, 0, 1;
    %assign/vec4 v000002ad33abe730_0, 0;
    %pushi/vec4 12, 0, 4;
    %assign/vec4 v000002ad33abe410_0, 0;
    %jmp T_25.21;
T_25.17 ;
    %pushi/vec4 1, 0, 1;
    %assign/vec4 v000002ad33abdab0_0, 0;
    %pushi/vec4 1, 0, 1;
    %assign/vec4 v000002ad33abe730_0, 0;
    %load/vec4 v000002ad33a8d380_0;
    %flag_set/vec4 8;
    %jmp/0xz  T_25.63, 8;
    %pushi/vec4 1, 0, 4;
    %assign/vec4 v000002ad33abe410_0, 0;
    %pushi/vec4 0, 0, 1;
    %assign/vec4 v000002ad33abdab0_0, 0;
T_25.63 ;
    %jmp T_25.21;
T_25.18 ;
    %pushi/vec4 0, 0, 1;
    %assign/vec4 v000002ad33abe730_0, 0;
    %pushi/vec4 0, 0, 1;
    %assign/vec4 v000002ad33abdab0_0, 0;
    %load/vec4 v000002ad33a8d380_0;
    %cmpi/e 0, 0, 1;
    %flag_get/vec4 4;
    %jmp/0 T_25.67, 4;
    %load/vec4 v000002ad33a8d420_0;
    %pushi/vec4 0, 0, 1;
    %cmp/e;
    %flag_get/vec4 4;
    %and;
T_25.67;
    %flag_set/vec4 8;
    %jmp/0xz  T_25.65, 8;
    %pushi/vec4 1, 0, 1;
    %assign/vec4 v000002ad33abe730_0, 0;
    %pushi/vec4 0, 0, 1;
    %assign/vec4 v000002ad33abdab0_0, 0;
    %pushi/vec4 14, 0, 4;
    %assign/vec4 v000002ad33abe410_0, 0;
T_25.65 ;
    %jmp T_25.21;
T_25.19 ;
    %pushi/vec4 1, 0, 1;
    %assign/vec4 v000002ad33abe730_0, 0;
    %pushi/vec4 0, 0, 1;
    %assign/vec4 v000002ad33abdab0_0, 0;
    %load/vec4 v000002ad33a8d380_0;
    %flag_set/vec4 9;
    %flag_get/vec4 9;
    %jmp/0 T_25.70, 9;
    %load/vec4 v000002ad33a8d420_0;
    %nor/r;
    %and;
T_25.70;
    %flag_set/vec4 8;
    %jmp/0xz  T_25.68, 8;
    %pushi/vec4 1, 0, 1;
    %assign/vec4 v000002ad33abdab0_0, 0;
    %pushi/vec4 15, 0, 4;
    %assign/vec4 v000002ad33abe410_0, 0;
T_25.68 ;
    %jmp T_25.21;
T_25.21 ;
    %pop/vec4 1;
T_25.3 ;
T_25.1 ;
    %jmp T_25;
    .thread T_25;
    .scope S_000002ad33aee710;
T_26 ;
    %pushi/vec4 0, 0, 1;
    %store/vec4 v000002ad33b38de0_0, 0, 1;
    %end;
    .thread T_26;
    .scope S_000002ad33aee710;
T_27 ;
    %pushi/vec4 0, 0, 7;
    %store/vec4 v000002ad33b39880_0, 0, 7;
    %end;
    .thread T_27;
    .scope S_000002ad33aee710;
T_28 ;
    %pushi/vec4 0, 0, 1;
    %store/vec4 v000002ad33b38c00_0, 0, 1;
    %end;
    .thread T_28;
    .scope S_000002ad33aee710;
T_29 ;
    %pushi/vec4 0, 0, 8;
    %store/vec4 v000002ad33b39ba0_0, 0, 8;
    %end;
    .thread T_29;
    .scope S_000002ad33aee710;
T_30 ;
    %pushi/vec4 1000, 0, 20;
    %store/vec4 v000002ad33b39a60_0, 0, 20;
    %end;
    .thread T_30;
    .scope S_000002ad33aee710;
T_31 ;
    %pushi/vec4 0, 0, 1;
    %store/vec4 v000002ad33b396a0_0, 0, 1;
    %end;
    .thread T_31;
    .scope S_000002ad33aee710;
T_32 ;
    %pushi/vec4 0, 0, 1;
    %store/vec4 v000002ad33b39920_0, 0, 1;
    %end;
    .thread T_32;
    .scope S_000002ad33aee710;
T_33 ;
    %pushi/vec4 0, 0, 1;
    %store/vec4 v000002ad33abd5b0_0, 0, 1;
    %end;
    .thread T_33;
    .scope S_000002ad33aee710;
T_34 ;
    %wait E_000002ad33a9f4a0;
    %load/vec4 v000002ad33abe690_0;
    %flag_set/vec4 8;
    %jmp/0xz  T_34.0, 8;
    %pushi/vec4 0, 0, 1;
    %assign/vec4 v000002ad33b38de0_0, 0;
    %pushi/vec4 0, 0, 7;
    %assign/vec4 v000002ad33b39880_0, 0;
    %pushi/vec4 0, 0, 1;
    %assign/vec4 v000002ad33b38c00_0, 0;
    %pushi/vec4 0, 0, 8;
    %assign/vec4 v000002ad33b39ba0_0, 0;
    %pushi/vec4 1000, 0, 20;
    %assign/vec4 v000002ad33b39a60_0, 0;
    %pushi/vec4 0, 0, 1;
    %assign/vec4 v000002ad33b396a0_0, 0;
    %pushi/vec4 0, 0, 1;
    %assign/vec4 v000002ad33b39920_0, 0;
    %pushi/vec4 0, 0, 1;
    %assign/vec4 v000002ad33abd5b0_0, 0;
    %jmp T_34.1;
T_34.0 ;
    %pushi/vec4 0, 0, 1;
    %assign/vec4 v000002ad33b38de0_0, 0;
    %load/vec4 v000002ad33abd470_0;
    %flag_set/vec4 11;
    %flag_get/vec4 11;
    %jmp/0 T_34.6, 11;
    %load/vec4 v000002ad33abd510_0;
    %and;
T_34.6;
    %flag_set/vec4 10;
    %flag_get/vec4 10;
    %jmp/0 T_34.5, 10;
    %load/vec4 v000002ad33b38480_0;
    %nor/r;
    %and;
T_34.5;
    %flag_set/vec4 9;
    %flag_get/vec4 9;
    %jmp/0 T_34.4, 9;
    %load/vec4 v000002ad33abe9b0_0;
    %parti/s 1, 6, 4;
    %nor/r;
    %and;
T_34.4;
    %flag_set/vec4 8;
    %jmp/0xz  T_34.2, 8;
    %load/vec4 v000002ad33abe9b0_0;
    %parti/s 2, 0, 2;
    %cmpi/e 0, 0, 2;
    %jmp/0xz  T_34.7, 4;
    %load/vec4 v000002ad33abd330_0;
    %parti/s 7, 17, 6;
    %assign/vec4 v000002ad33b39880_0, 0;
    %load/vec4 v000002ad33abd330_0;
    %parti/s 1, 16, 6;
    %assign/vec4 v000002ad33b38c00_0, 0;
    %load/vec4 v000002ad33abd330_0;
    %parti/s 8, 8, 5;
    %assign/vec4 v000002ad33b39ba0_0, 0;
    %load/vec4 v000002ad33abd330_0;
    %parti/s 8, 0, 2;
    %pad/u 32;
    %cmpi/ne 0, 0, 32;
    %flag_get/vec4 4;
    %jmp/0 T_34.9, 4;
    %pushi/vec4 1, 0, 1;
    %and;
T_34.9;
    %assign/vec4 v000002ad33b38de0_0, 0;
T_34.7 ;
    %load/vec4 v000002ad33abe9b0_0;
    %parti/s 2, 0, 2;
    %cmpi/e 1, 0, 2;
    %flag_get/vec4 4;
    %jmp/0 T_34.12, 4;
    %pushi/vec4 1, 0, 1;
    %and;
T_34.12;
    %flag_set/vec4 8;
    %jmp/0xz  T_34.10, 8;
    %load/vec4 v000002ad33abd330_0;
    %parti/s 20, 0, 2;
    %assign/vec4 v000002ad33b39a60_0, 0;
T_34.10 ;
    %load/vec4 v000002ad33abe9b0_0;
    %parti/s 2, 0, 2;
    %cmpi/e 2, 0, 2;
    %jmp/0xz  T_34.13, 4;
    %pushi/vec4 0, 0, 1;
    %assign/vec4 v000002ad33b39920_0, 0;
T_34.13 ;
    %load/vec4 v000002ad33abe9b0_0;
    %parti/s 2, 0, 2;
    %cmpi/e 3, 0, 2;
    %jmp/0xz  T_34.15, 4;
    %load/vec4 v000002ad33abd330_0;
    %parti/s 1, 0, 2;
    %assign/vec4 v000002ad33abd5b0_0, 0;
T_34.15 ;
    %jmp T_34.3;
T_34.2 ;
    %load/vec4 v000002ad33b396a0_0;
    %flag_set/vec4 8;
    %jmp/0xz  T_34.17, 8;
    %pushi/vec4 1000, 0, 20;
    %assign/vec4 v000002ad33b39a60_0, 0;
T_34.17 ;
T_34.3 ;
    %load/vec4 v000002ad33b39a60_0;
    %pad/u 32;
    %pushi/vec4 0, 0, 32;
    %cmp/e;
    %flag_get/vec4 4;
    %assign/vec4 v000002ad33b396a0_0, 0;
    %pushi/vec4 0, 0, 4;
    %assign/vec4 v000002ad33b39600_0, 0;
    %pushi/vec4 0, 0, 1;
    %assign/vec4 v000002ad33b394c0_0, 0;
    %load/vec4 v000002ad33b39b00_0;
    %flag_set/vec4 8;
    %jmp/0xz  T_34.19, 8;
    %load/vec4 v000002ad33b3a1e0_0;
    %flag_set/vec4 8;
    %jmp/0xz  T_34.21, 8;
    %load/vec4 v000002ad33b388e0_0;
    %replicate 4;
    %assign/vec4 v000002ad33b39420_0, 0;
    %load/vec4 v000002ad33b39ba0_0;
    %assign/vec4 v000002ad33b39060_0, 0;
    %load/vec4 v000002ad33b39ba0_0;
    %parti/s 2, 0, 2;
    %dup/vec4;
    %pushi/vec4 3, 0, 2;
    %cmp/e;
    %jmp/1 T_34.23, 6;
    %dup/vec4;
    %pushi/vec4 2, 0, 2;
    %cmp/e;
    %jmp/1 T_34.24, 6;
    %dup/vec4;
    %pushi/vec4 1, 0, 2;
    %cmp/e;
    %jmp/1 T_34.25, 6;
    %dup/vec4;
    %pushi/vec4 0, 0, 2;
    %cmp/e;
    %jmp/1 T_34.26, 6;
    %jmp T_34.27;
T_34.23 ;
    %pushi/vec4 8, 0, 4;
    %assign/vec4 v000002ad33b39600_0, 0;
    %jmp T_34.27;
T_34.24 ;
    %pushi/vec4 4, 0, 4;
    %assign/vec4 v000002ad33b39600_0, 0;
    %jmp T_34.27;
T_34.25 ;
    %pushi/vec4 2, 0, 4;
    %assign/vec4 v000002ad33b39600_0, 0;
    %jmp T_34.27;
T_34.26 ;
    %pushi/vec4 1, 0, 4;
    %assign/vec4 v000002ad33b39600_0, 0;
    %jmp T_34.27;
T_34.27 ;
    %pop/vec4 1;
    %load/vec4 v000002ad33b39ba0_0;
    %addi 1, 0, 8;
    %assign/vec4 v000002ad33b39ba0_0, 0;
    %pushi/vec4 1, 0, 1;
    %assign/vec4 v000002ad33b394c0_0, 0;
T_34.21 ;
    %jmp T_34.20;
T_34.19 ;
    %load/vec4 v000002ad33abd330_0;
    %assign/vec4 v000002ad33b39420_0, 0;
    %load/vec4 v000002ad33abd470_0;
    %flag_set/vec4 10;
    %flag_get/vec4 10;
    %jmp/0 T_34.31, 10;
    %load/vec4 v000002ad33abd510_0;
    %and;
T_34.31;
    %flag_set/vec4 9;
    %flag_get/vec4 9;
    %jmp/0 T_34.30, 9;
    %load/vec4 v000002ad33abe9b0_0;
    %parti/s 1, 6, 4;
    %and;
T_34.30;
    %flag_set/vec4 8;
    %jmp/0 T_34.28, 8;
    %load/vec4 v000002ad33abd3d0_0;
    %jmp/1 T_34.29, 8;
T_34.28 ; End of true expr.
    %pushi/vec4 0, 0, 4;
    %jmp/0 T_34.29, 8;
 ; End of false expr.
    %blend;
T_34.29;
    %assign/vec4 v000002ad33b39600_0, 0;
    %load/vec4 v000002ad33abe9b0_0;
    %parti/s 6, 0, 2;
    %concati/vec4 0, 0, 2;
    %assign/vec4 v000002ad33b39060_0, 0;
T_34.20 ;
    %load/vec4 v000002ad33b39600_0;
    %parti/s 1, 3, 3;
    %flag_set/vec4 8;
    %jmp/0xz  T_34.32, 8;
    %load/vec4 v000002ad33b39420_0;
    %parti/s 8, 24, 6;
    %load/vec4 v000002ad33b39060_0;
    %parti/s 6, 2, 3;
    %pad/u 8;
    %ix/vec4 3;
    %ix/load 4, 24, 0; part off
    %ix/load 5, 0, 0; Constant delay
    %assign/vec4/a/d v000002ad33b39560, 4, 5;
T_34.32 ;
    %load/vec4 v000002ad33b39600_0;
    %parti/s 1, 2, 3;
    %flag_set/vec4 8;
    %jmp/0xz  T_34.34, 8;
    %load/vec4 v000002ad33b39420_0;
    %parti/s 8, 16, 6;
    %load/vec4 v000002ad33b39060_0;
    %parti/s 6, 2, 3;
    %pad/u 8;
    %ix/vec4 3;
    %ix/load 4, 16, 0; part off
    %ix/load 5, 0, 0; Constant delay
    %assign/vec4/a/d v000002ad33b39560, 4, 5;
T_34.34 ;
    %load/vec4 v000002ad33b39600_0;
    %parti/s 1, 1, 2;
    %flag_set/vec4 8;
    %jmp/0xz  T_34.36, 8;
    %load/vec4 v000002ad33b39420_0;
    %parti/s 8, 8, 5;
    %load/vec4 v000002ad33b39060_0;
    %parti/s 6, 2, 3;
    %pad/u 8;
    %ix/vec4 3;
    %ix/load 4, 8, 0; part off
    %ix/load 5, 0, 0; Constant delay
    %assign/vec4/a/d v000002ad33b39560, 4, 5;
T_34.36 ;
    %load/vec4 v000002ad33b39600_0;
    %parti/s 1, 0, 2;
    %flag_set/vec4 8;
    %jmp/0xz  T_34.38, 8;
    %load/vec4 v000002ad33b39420_0;
    %parti/s 8, 0, 2;
    %load/vec4 v000002ad33b39060_0;
    %parti/s 6, 2, 3;
    %pad/u 8;
    %ix/vec4 3;
    %ix/load 4, 0, 0; Constant delay
    %assign/vec4/a/d v000002ad33b39560, 0, 4;
T_34.38 ;
    %load/vec4 v000002ad33b3a0a0_0;
    %cmpi/e 0, 0, 3;
    %flag_get/vec4 4;
    %jmp/0 T_34.43, 4;
    %load/vec4 v000002ad33b38480_0;
    %and;
T_34.43;
    %flag_set/vec4 9;
    %flag_get/vec4 9;
    %jmp/0 T_34.42, 9;
    %load/vec4 v000002ad33b39100_0;
    %nor/r;
    %and;
T_34.42;
    %flag_set/vec4 8;
    %jmp/0xz  T_34.40, 8;
    %pushi/vec4 1, 0, 1;
    %assign/vec4 v000002ad33b39920_0, 0;
T_34.40 ;
T_34.1 ;
    %jmp T_34;
    .thread T_34;
    .scope S_000002ad33aee710;
T_35 ;
    %wait E_000002ad33a9ff20;
    %pushi/vec4 0, 0, 32;
    %store/vec4 v000002ad33b391a0_0, 0, 32;
    %load/vec4 v000002ad33abe870_0;
    %ix/load 4, 0, 0;
    %flag_set/imm 4, 0;
    %store/vec4 v000002ad33b391a0_0, 4, 8;
    %load/vec4 v000002ad33b383e0_0;
    %ix/load 4, 8, 0;
    %flag_set/imm 4, 0;
    %store/vec4 v000002ad33b391a0_0, 4, 8;
    %load/vec4 v000002ad33b392e0_0;
    %concati/vec4 0, 0, 1;
    %ix/load 4, 16, 0;
    %flag_set/imm 4, 0;
    %store/vec4 v000002ad33b391a0_0, 4, 8;
    %load/vec4 v000002ad33b38480_0;
    %load/vec4 v000002ad33b39380_0;
    %concat/vec4; draw_concat_vec4
    %concati/vec4 0, 0, 6;
    %ix/load 4, 24, 0;
    %flag_set/imm 4, 0;
    %store/vec4 v000002ad33b391a0_0, 4, 8;
    %jmp T_35;
    .thread T_35, $push;
    .scope S_000002ad33aee710;
T_36 ;
    %wait E_000002ad33a9f4a0;
    %load/vec4 v000002ad33abd470_0;
    %flag_set/vec4 11;
    %flag_get/vec4 11;
    %jmp/0 T_36.4, 11;
    %load/vec4 v000002ad33abd510_0;
    %and;
T_36.4;
    %flag_set/vec4 10;
    %flag_get/vec4 10;
    %jmp/0 T_36.3, 10;
    %load/vec4 v000002ad33b38480_0;
    %nor/r;
    %and;
T_36.3;
    %flag_set/vec4 9;
    %flag_get/vec4 9;
    %jmp/0 T_36.2, 9;
    %load/vec4 v000002ad33abe9b0_0;
    %parti/s 2, 0, 2;
    %pushi/vec4 0, 0, 2;
    %cmp/e;
    %flag_get/vec4 4;
    %and;
T_36.2;
    %flag_set/vec4 8;
    %jmp/0xz  T_36.0, 8;
    %load/vec4 v000002ad33abd330_0;
    %parti/s 8, 0, 2;
    %assign/vec4 v000002ad33abe870_0, 0;
    %pushi/vec4 0, 0, 1;
    %assign/vec4 v000002ad33b38ca0_0, 0;
    %jmp T_36.1;
T_36.0 ;
    %load/vec4 v000002ad33abe870_0;
    %pad/u 32;
    %pushi/vec4 0, 0, 32;
    %cmp/e;
    %flag_get/vec4 4;
    %assign/vec4 v000002ad33b38ca0_0, 0;
T_36.1 ;
    %load/vec4 v000002ad33b394c0_0;
    %flag_set/vec4 8;
    %jmp/0xz  T_36.5, 8;
    %load/vec4 v000002ad33b39880_0;
    %assign/vec4 v000002ad33b392e0_0, 0;
    %load/vec4 v000002ad33b39060_0;
    %addi 1, 0, 8;
    %assign/vec4 v000002ad33b383e0_0, 0;
    %load/vec4 v000002ad33abe870_0;
    %or/r;
    %flag_set/vec4 8;
    %jmp/0xz  T_36.7, 8;
    %load/vec4 v000002ad33abe870_0;
    %subi 1, 0, 8;
    %assign/vec4 v000002ad33abe870_0, 0;
T_36.7 ;
    %jmp T_36.6;
T_36.5 ;
    %load/vec4 v000002ad33b38d40_0;
    %flag_set/vec4 8;
    %jmp/0xz  T_36.9, 8;
    %load/vec4 v000002ad33b39880_0;
    %assign/vec4 v000002ad33b392e0_0, 0;
    %load/vec4 v000002ad33b38520_0;
    %subi 1, 0, 8;
    %assign/vec4 v000002ad33b383e0_0, 0;
    %load/vec4 v000002ad33abe870_0;
    %or/r;
    %flag_set/vec4 8;
    %jmp/0xz  T_36.11, 8;
    %load/vec4 v000002ad33abe870_0;
    %subi 1, 0, 8;
    %assign/vec4 v000002ad33abe870_0, 0;
T_36.11 ;
T_36.9 ;
T_36.6 ;
    %load/vec4 v000002ad33abe9b0_0;
    %parti/s 1, 6, 4;
    %load/vec4 v000002ad33abe9b0_0;
    %parti/s 2, 0, 2;
    %concat/vec4; draw_concat_vec4
    %dup/vec4;
    %pushi/vec4 0, 0, 3;
    %cmp/z;
    %jmp/1 T_36.13, 4;
    %dup/vec4;
    %pushi/vec4 1, 0, 3;
    %cmp/z;
    %jmp/1 T_36.14, 4;
    %dup/vec4;
    %pushi/vec4 2, 0, 3;
    %cmp/z;
    %jmp/1 T_36.15, 4;
    %dup/vec4;
    %pushi/vec4 3, 0, 3;
    %cmp/z;
    %jmp/1 T_36.16, 4;
    %dup/vec4;
    %pushi/vec4 4, 3, 3;
    %cmp/z;
    %jmp/1 T_36.17, 4;
    %jmp T_36.18;
T_36.13 ;
    %load/vec4 v000002ad33b391a0_0;
    %assign/vec4 v000002ad33b38a20_0, 0;
    %jmp T_36.18;
T_36.14 ;
    %pushi/vec4 0, 0, 12;
    %load/vec4 v000002ad33b39a60_0;
    %concat/vec4; draw_concat_vec4
    %assign/vec4 v000002ad33b38a20_0, 0;
    %jmp T_36.18;
T_36.15 ;
    %pushi/vec4 0, 0, 31;
    %load/vec4 v000002ad33b39920_0;
    %concat/vec4; draw_concat_vec4
    %assign/vec4 v000002ad33b38a20_0, 0;
    %jmp T_36.18;
T_36.16 ;
    %pushi/vec4 0, 0, 31;
    %load/vec4 v000002ad33abd5b0_0;
    %concat/vec4; draw_concat_vec4
    %assign/vec4 v000002ad33b38a20_0, 0;
    %jmp T_36.18;
T_36.17 ;
    %load/vec4 v000002ad33abe9b0_0;
    %parti/s 6, 0, 2;
    %pad/u 8;
    %ix/vec4 4;
    %load/vec4a v000002ad33b39560, 4;
    %assign/vec4 v000002ad33b38a20_0, 0;
    %jmp T_36.18;
T_36.18 ;
    %pop/vec4 1;
    %jmp T_36;
    .thread T_36;
    .scope S_000002ad33aee710;
T_37 ;
    %pushi/vec4 0, 0, 1;
    %store/vec4 v000002ad33b38b60_0, 0, 1;
    %end;
    .thread T_37;
    .scope S_000002ad33aee710;
T_38 ;
    %wait E_000002ad33a9f4a0;
    %load/vec4 v000002ad33abe690_0;
    %nor/r;
    %flag_set/vec4 8;
    %flag_get/vec4 8;
    %jmp/0 T_38.0, 8;
    %load/vec4 v000002ad33abd470_0;
    %and;
T_38.0;
    %assign/vec4 v000002ad33b38b60_0, 0;
    %jmp T_38;
    .thread T_38;
    .scope S_000002ad33aee710;
T_39 ;
    %wait E_000002ad33a9f4a0;
    %load/vec4 v000002ad33b38660_0;
    %flag_set/vec4 8;
    %jmp/0xz  T_39.0, 8;
    %load/vec4 v000002ad33b38520_0;
    %parti/s 6, 2, 3;
    %pad/u 8;
    %ix/vec4 4;
    %load/vec4a v000002ad33b39560, 4;
    %assign/vec4 v000002ad33b38980_0, 0;
    %load/vec4 v000002ad33b38520_0;
    %parti/s 2, 0, 2;
    %assign/vec4 v000002ad33b38e80_0, 0;
T_39.0 ;
    %load/vec4 v000002ad33b38e80_0;
    %dup/vec4;
    %pushi/vec4 3, 0, 2;
    %cmp/e;
    %jmp/1 T_39.2, 6;
    %dup/vec4;
    %pushi/vec4 2, 0, 2;
    %cmp/e;
    %jmp/1 T_39.3, 6;
    %dup/vec4;
    %pushi/vec4 1, 0, 2;
    %cmp/e;
    %jmp/1 T_39.4, 6;
    %dup/vec4;
    %pushi/vec4 0, 0, 2;
    %cmp/e;
    %jmp/1 T_39.5, 6;
    %jmp T_39.6;
T_39.2 ;
    %load/vec4 v000002ad33b38980_0;
    %parti/s 8, 24, 6;
    %assign/vec4 v000002ad33b385c0_0, 0;
    %jmp T_39.6;
T_39.3 ;
    %load/vec4 v000002ad33b38980_0;
    %parti/s 8, 16, 6;
    %assign/vec4 v000002ad33b385c0_0, 0;
    %jmp T_39.6;
T_39.4 ;
    %load/vec4 v000002ad33b38980_0;
    %parti/s 8, 8, 5;
    %assign/vec4 v000002ad33b385c0_0, 0;
    %jmp T_39.6;
T_39.5 ;
    %load/vec4 v000002ad33b38980_0;
    %parti/s 8, 0, 2;
    %assign/vec4 v000002ad33b385c0_0, 0;
    %jmp T_39.6;
T_39.6 ;
    %pop/vec4 1;
    %jmp T_39;
    .thread T_39;
    .scope S_000002ad33aee710;
T_40 ;
    %pushi/vec4 0, 0, 1;
    %store/vec4 v000002ad33b38d40_0, 0, 1;
    %end;
    .thread T_40;
    .scope S_000002ad33aee710;
T_41 ;
    %pushi/vec4 0, 0, 1;
    %store/vec4 v000002ad33b39b00_0, 0, 1;
    %end;
    .thread T_41;
    .scope S_000002ad33aee710;
T_42 ;
    %pushi/vec4 0, 0, 3;
    %store/vec4 v000002ad33b3a0a0_0, 0, 3;
    %end;
    .thread T_42;
    .scope S_000002ad33aee710;
T_43 ;
    %pushi/vec4 0, 0, 1;
    %store/vec4 v000002ad33b38480_0, 0, 1;
    %end;
    .thread T_43;
    .scope S_000002ad33aee710;
T_44 ;
    %wait E_000002ad33a9f4a0;
    %load/vec4 v000002ad33abe690_0;
    %flag_set/vec4 8;
    %jmp/0xz  T_44.0, 8;
    %pushi/vec4 0, 0, 1;
    %assign/vec4 v000002ad33b38d40_0, 0;
    %pushi/vec4 0, 0, 1;
    %assign/vec4 v000002ad33b39b00_0, 0;
    %pushi/vec4 0, 0, 3;
    %assign/vec4 v000002ad33b3a0a0_0, 0;
    %pushi/vec4 0, 0, 1;
    %assign/vec4 v000002ad33b38480_0, 0;
    %jmp T_44.1;
T_44.0 ;
    %load/vec4 v000002ad33b39ce0_0;
    %nor/r;
    %flag_set/vec4 8;
    %jmp/0xz  T_44.2, 8;
    %pushi/vec4 0, 0, 1;
    %assign/vec4 v000002ad33b38ac0_0, 0;
    %jmp T_44.3;
T_44.2 ;
    %load/vec4 v000002ad33b38ca0_0;
    %flag_set/vec4 8;
    %jmp/0xz  T_44.4, 8;
    %pushi/vec4 1, 0, 1;
    %assign/vec4 v000002ad33b38ac0_0, 0;
T_44.4 ;
T_44.3 ;
    %pushi/vec4 0, 0, 1;
    %assign/vec4 v000002ad33b38660_0, 0;
    %load/vec4 v000002ad33b38480_0;
    %nor/r;
    %flag_set/vec4 11;
    %flag_get/vec4 11;
    %jmp/0 T_44.10, 11;
    %load/vec4 v000002ad33abd470_0;
    %and;
T_44.10;
    %flag_set/vec4 10;
    %flag_get/vec4 10;
    %jmp/0 T_44.9, 10;
    %load/vec4 v000002ad33abe9b0_0;
    %parti/s 2, 0, 2;
    %pushi/vec4 0, 0, 2;
    %cmp/e;
    %flag_get/vec4 4;
    %and;
T_44.9;
    %flag_set/vec4 9;
    %flag_get/vec4 9;
    %jmp/0 T_44.8, 9;
    %load/vec4 v000002ad33abe9b0_0;
    %parti/s 1, 6, 4;
    %nor/r;
    %and;
T_44.8;
    %flag_set/vec4 8;
    %jmp/0xz  T_44.6, 8;
    %pushi/vec4 0, 0, 1;
    %assign/vec4 v000002ad33b39380_0, 0;
    %jmp T_44.7;
T_44.6 ;
    %load/vec4 v000002ad33b38480_0;
    %flag_set/vec4 9;
    %flag_get/vec4 9;
    %jmp/0 T_44.13, 9;
    %load/vec4 v000002ad33b38700_0;
    %and;
T_44.13;
    %flag_set/vec4 8;
    %jmp/0xz  T_44.11, 8;
    %pushi/vec4 1, 0, 1;
    %assign/vec4 v000002ad33b39380_0, 0;
T_44.11 ;
T_44.7 ;
    %load/vec4 v000002ad33b3a0a0_0;
    %cmpi/e 0, 0, 3;
    %jmp/0xz  T_44.14, 4;
    %pushi/vec4 0, 0, 2;
    %assign/vec4 v000002ad33abe7d0_0, 0;
    %jmp T_44.15;
T_44.14 ;
    %load/vec4 v000002ad33b39d80_0;
    %flag_set/vec4 8;
    %flag_get/vec4 8;
    %jmp/0 T_44.21, 8;
    %load/vec4 v000002ad33b39100_0;
    %nor/r;
    %and;
T_44.21;
    %load/vec4 v000002ad33b3a1e0_0;
    %concat/vec4; draw_concat_vec4
    %dup/vec4;
    %pushi/vec4 0, 0, 2;
    %cmp/e;
    %jmp/1 T_44.16, 6;
    %dup/vec4;
    %pushi/vec4 1, 0, 2;
    %cmp/e;
    %jmp/1 T_44.17, 6;
    %dup/vec4;
    %pushi/vec4 2, 0, 2;
    %cmp/e;
    %jmp/1 T_44.18, 6;
    %dup/vec4;
    %pushi/vec4 3, 0, 2;
    %cmp/e;
    %jmp/1 T_44.19, 6;
    %jmp T_44.20;
T_44.16 ;
    %load/vec4 v000002ad33abe7d0_0;
    %assign/vec4 v000002ad33abe7d0_0, 0;
    %jmp T_44.20;
T_44.17 ;
    %load/vec4 v000002ad33abe7d0_0;
    %or/r;
    %flag_set/vec4 8;
    %jmp/0 T_44.22, 8;
    %load/vec4 v000002ad33abe7d0_0;
    %subi 1, 0, 2;
    %jmp/1 T_44.23, 8;
T_44.22 ; End of true expr.
    %pushi/vec4 0, 0, 2;
    %jmp/0 T_44.23, 8;
 ; End of false expr.
    %blend;
T_44.23;
    %assign/vec4 v000002ad33abe7d0_0, 0;
    %jmp T_44.20;
T_44.18 ;
    %load/vec4 v000002ad33abe7d0_0;
    %addi 1, 0, 2;
    %assign/vec4 v000002ad33abe7d0_0, 0;
    %jmp T_44.20;
T_44.19 ;
    %load/vec4 v000002ad33abe7d0_0;
    %assign/vec4 v000002ad33abe7d0_0, 0;
    %jmp T_44.20;
T_44.20 ;
    %pop/vec4 1;
T_44.15 ;
    %load/vec4 v000002ad33abe7d0_0;
    %parti/s 1, 1, 2;
    %cmpi/e 0, 0, 1;
    %flag_get/vec4 4;
    %jmp/0 T_44.24, 4;
    %load/vec4 v000002ad33b39d80_0;
    %nor/r;
    %and;
T_44.24;
    %assign/vec4 v000002ad33b39240_0, 0;
    %pushi/vec4 0, 0, 1;
    %assign/vec4 v000002ad33b38d40_0, 0;
    %load/vec4 v000002ad33b3a0a0_0;
    %dup/vec4;
    %pushi/vec4 0, 0, 3;
    %cmp/e;
    %jmp/1 T_44.25, 6;
    %dup/vec4;
    %pushi/vec4 1, 0, 3;
    %cmp/e;
    %jmp/1 T_44.26, 6;
    %dup/vec4;
    %pushi/vec4 2, 0, 3;
    %cmp/e;
    %jmp/1 T_44.27, 6;
    %dup/vec4;
    %pushi/vec4 3, 0, 3;
    %cmp/e;
    %jmp/1 T_44.28, 6;
    %dup/vec4;
    %pushi/vec4 4, 0, 3;
    %cmp/e;
    %jmp/1 T_44.29, 6;
    %dup/vec4;
    %pushi/vec4 5, 0, 3;
    %cmp/e;
    %jmp/1 T_44.30, 6;
    %dup/vec4;
    %pushi/vec4 6, 0, 3;
    %cmp/e;
    %jmp/1 T_44.31, 6;
    %pushi/vec4 0, 0, 3;
    %assign/vec4 v000002ad33b3a0a0_0, 0;
    %jmp T_44.33;
T_44.25 ;
    %pushi/vec4 0, 0, 1;
    %assign/vec4 v000002ad33b39ce0_0, 0;
    %pushi/vec4 0, 0, 1;
    %assign/vec4 v000002ad33b39d80_0, 0;
    %pushi/vec4 0, 0, 1;
    %assign/vec4 v000002ad33b39b00_0, 0;
    %load/vec4 v000002ad33b38de0_0;
    %flag_set/vec4 9;
    %flag_get/vec4 9;
    %jmp/0 T_44.36, 9;
    %load/vec4 v000002ad33b39100_0;
    %nor/r;
    %and;
T_44.36;
    %flag_set/vec4 8;
    %jmp/0xz  T_44.34, 8;
    %pushi/vec4 1, 0, 1;
    %assign/vec4 v000002ad33b39ce0_0, 0;
    %pushi/vec4 1, 0, 1;
    %assign/vec4 v000002ad33b39d80_0, 0;
    %pushi/vec4 1, 0, 1;
    %assign/vec4 v000002ad33b38340_0, 0;
    %load/vec4 v000002ad33b39880_0;
    %concati/vec4 0, 0, 1;
    %assign/vec4 v000002ad33b39e20_0, 0;
    %load/vec4 v000002ad33b39ba0_0;
    %assign/vec4 v000002ad33b38520_0, 0;
    %pushi/vec4 1, 0, 3;
    %assign/vec4 v000002ad33b3a0a0_0, 0;
    %pushi/vec4 1, 0, 1;
    %assign/vec4 v000002ad33b38660_0, 0;
    %pushi/vec4 1, 0, 1;
    %assign/vec4 v000002ad33b38480_0, 0;
    %jmp T_44.35;
T_44.34 ;
    %load/vec4 v000002ad33b39100_0;
    %assign/vec4 v000002ad33b38480_0, 0;
T_44.35 ;
    %jmp T_44.33;
T_44.26 ;
    %pushi/vec4 0, 0, 1;
    %assign/vec4 v000002ad33b39b00_0, 0;
    %load/vec4 v000002ad33b39100_0;
    %nor/r;
    %flag_set/vec4 8;
    %jmp/0xz  T_44.37, 8;
    %pushi/vec4 1, 0, 1;
    %assign/vec4 v000002ad33b38340_0, 0;
    %pushi/vec4 1, 0, 1;
    %assign/vec4 v000002ad33b39d80_0, 0;
    %load/vec4 v000002ad33b38fc0_0;
    %assign/vec4 v000002ad33b39e20_0, 0;
    %load/vec4 v000002ad33b38c00_0;
    %flag_set/vec4 8;
    %jmp/0xz  T_44.39, 8;
    %pushi/vec4 2, 0, 3;
    %assign/vec4 v000002ad33b3a0a0_0, 0;
    %jmp T_44.40;
T_44.39 ;
    %pushi/vec4 4, 0, 3;
    %assign/vec4 v000002ad33b3a0a0_0, 0;
T_44.40 ;
T_44.37 ;
    %load/vec4 v000002ad33b38700_0;
    %flag_set/vec4 8;
    %jmp/0xz  T_44.41, 8;
    %pushi/vec4 6, 0, 3;
    %assign/vec4 v000002ad33b3a0a0_0, 0;
    %pushi/vec4 0, 0, 1;
    %assign/vec4 v000002ad33b39d80_0, 0;
T_44.41 ;
    %jmp T_44.33;
T_44.27 ;
    %pushi/vec4 0, 0, 1;
    %assign/vec4 v000002ad33b39b00_0, 0;
    %load/vec4 v000002ad33b39100_0;
    %nor/r;
    %flag_set/vec4 8;
    %jmp/0xz  T_44.43, 8;
    %pushi/vec4 0, 0, 1;
    %assign/vec4 v000002ad33b39d80_0, 0;
T_44.43 ;
    %load/vec4 v000002ad33b39d80_0;
    %nor/r;
    %flag_set/vec4 10;
    %flag_get/vec4 10;
    %jmp/0 T_44.48, 10;
    %load/vec4 v000002ad33b39240_0;
    %and;
T_44.48;
    %flag_set/vec4 9;
    %flag_get/vec4 9;
    %jmp/0 T_44.47, 9;
    %load/vec4 v000002ad33b3a1e0_0;
    %and;
T_44.47;
    %flag_set/vec4 8;
    %jmp/0xz  T_44.45, 8;
    %pushi/vec4 0, 0, 1;
    %assign/vec4 v000002ad33b39ce0_0, 0;
    %pushi/vec4 3, 0, 3;
    %assign/vec4 v000002ad33b3a0a0_0, 0;
T_44.45 ;
    %load/vec4 v000002ad33b38700_0;
    %flag_set/vec4 8;
    %jmp/0xz  T_44.49, 8;
    %pushi/vec4 6, 0, 3;
    %assign/vec4 v000002ad33b3a0a0_0, 0;
    %pushi/vec4 0, 0, 1;
    %assign/vec4 v000002ad33b39d80_0, 0;
T_44.49 ;
    %jmp T_44.33;
T_44.28 ;
    %pushi/vec4 0, 0, 1;
    %assign/vec4 v000002ad33b39d80_0, 0;
    %pushi/vec4 0, 0, 1;
    %assign/vec4 v000002ad33b39b00_0, 0;
    %load/vec4 v000002ad33b39100_0;
    %nor/r;
    %flag_set/vec4 8;
    %jmp/0xz  T_44.51, 8;
    %pushi/vec4 1, 0, 1;
    %assign/vec4 v000002ad33b39ce0_0, 0;
    %pushi/vec4 1, 0, 1;
    %assign/vec4 v000002ad33b39d80_0, 0;
    %pushi/vec4 1, 0, 1;
    %assign/vec4 v000002ad33b38340_0, 0;
    %load/vec4 v000002ad33b39880_0;
    %concati/vec4 1, 0, 1;
    %assign/vec4 v000002ad33b39e20_0, 0;
    %pushi/vec4 5, 0, 3;
    %assign/vec4 v000002ad33b3a0a0_0, 0;
    %pushi/vec4 1, 0, 2;
    %assign/vec4 v000002ad33b38840_0, 0;
T_44.51 ;
    %load/vec4 v000002ad33b38700_0;
    %flag_set/vec4 8;
    %jmp/0xz  T_44.53, 8;
    %pushi/vec4 6, 0, 3;
    %assign/vec4 v000002ad33b3a0a0_0, 0;
    %pushi/vec4 0, 0, 1;
    %assign/vec4 v000002ad33b39d80_0, 0;
T_44.53 ;
    %jmp T_44.33;
T_44.29 ;
    %pushi/vec4 1, 0, 1;
    %assign/vec4 v000002ad33b39d80_0, 0;
    %pushi/vec4 0, 0, 1;
    %assign/vec4 v000002ad33b39b00_0, 0;
    %load/vec4 v000002ad33b39100_0;
    %nor/r;
    %flag_set/vec4 8;
    %jmp/0xz  T_44.55, 8;
    %pushi/vec4 1, 0, 1;
    %assign/vec4 v000002ad33b38d40_0, 0;
    %load/vec4 v000002ad33b38520_0;
    %addi 1, 0, 8;
    %assign/vec4 v000002ad33b38520_0, 0;
    %load/vec4 v000002ad33b385c0_0;
    %assign/vec4 v000002ad33b39e20_0, 0;
    %pushi/vec4 1, 0, 1;
    %assign/vec4 v000002ad33b38660_0, 0;
    %load/vec4 v000002ad33b38ac0_0;
    %flag_set/vec4 8;
    %jmp/0xz  T_44.57, 8;
    %pushi/vec4 0, 0, 1;
    %assign/vec4 v000002ad33b39d80_0, 0;
    %pushi/vec4 6, 0, 3;
    %assign/vec4 v000002ad33b3a0a0_0, 0;
T_44.57 ;
T_44.55 ;
    %load/vec4 v000002ad33b38700_0;
    %flag_set/vec4 8;
    %jmp/0xz  T_44.59, 8;
    %pushi/vec4 6, 0, 3;
    %assign/vec4 v000002ad33b3a0a0_0, 0;
    %pushi/vec4 0, 0, 1;
    %assign/vec4 v000002ad33b39d80_0, 0;
T_44.59 ;
    %jmp T_44.33;
T_44.30 ;
    %pushi/vec4 0, 0, 1;
    %assign/vec4 v000002ad33b38340_0, 0;
    %load/vec4 v000002ad33b39100_0;
    %nor/r;
    %flag_set/vec4 8;
    %jmp/0xz  T_44.61, 8;
    %load/vec4 v000002ad33b38840_0;
    %or/r;
    %flag_set/vec4 8;
    %jmp/0xz  T_44.63, 8;
    %load/vec4 v000002ad33b38840_0;
    %subi 1, 0, 2;
    %assign/vec4 v000002ad33b38840_0, 0;
T_44.63 ;
    %load/vec4 v000002ad33b38840_0;
    %pushi/vec4 0, 0, 2;
    %cmp/e;
    %flag_get/vec4 4;
    %assign/vec4 v000002ad33b39b00_0, 0;
    %load/vec4 v000002ad33b385c0_0;
    %assign/vec4 v000002ad33b39e20_0, 0;
T_44.61 ;
    %load/vec4 v000002ad33b38ac0_0;
    %flag_set/vec4 8;
    %jmp/0xz  T_44.65, 8;
    %pushi/vec4 0, 0, 1;
    %assign/vec4 v000002ad33b39d80_0, 0;
    %pushi/vec4 6, 0, 3;
    %assign/vec4 v000002ad33b3a0a0_0, 0;
T_44.65 ;
    %load/vec4 v000002ad33b38700_0;
    %flag_set/vec4 8;
    %jmp/0xz  T_44.67, 8;
    %pushi/vec4 6, 0, 3;
    %assign/vec4 v000002ad33b3a0a0_0, 0;
    %pushi/vec4 0, 0, 1;
    %assign/vec4 v000002ad33b39d80_0, 0;
T_44.67 ;
    %jmp T_44.33;
T_44.31 ;
    %pushi/vec4 1, 0, 1;
    %assign/vec4 v000002ad33b39ce0_0, 0;
    %pushi/vec4 0, 0, 1;
    %assign/vec4 v000002ad33b39d80_0, 0;
    %load/vec4 v000002ad33b38340_0;
    %flag_set/vec4 9;
    %flag_get/vec4 9;
    %jmp/0 T_44.71, 9;
    %load/vec4 v000002ad33b3a1e0_0;
    %and;
T_44.71;
    %flag_set/vec4 8;
    %jmp/0xz  T_44.69, 8;
    %pushi/vec4 1, 0, 1;
    %assign/vec4 v000002ad33b38d40_0, 0;
T_44.69 ;
    %load/vec4 v000002ad33b39240_0;
    %flag_set/vec4 8;
    %jmp/0xz  T_44.72, 8;
    %pushi/vec4 0, 0, 3;
    %assign/vec4 v000002ad33b3a0a0_0, 0;
    %pushi/vec4 1, 0, 1;
    %assign/vec4 v000002ad33b39ce0_0, 0;
T_44.72 ;
    %jmp T_44.33;
T_44.33 ;
    %pop/vec4 1;
T_44.1 ;
    %jmp T_44;
    .thread T_44;
    .scope S_000002ad33a19cd0;
T_45 ;
    %pushi/vec4 0, 0, 1;
    %store/vec4 v000002ad33b3b3b0_0, 0, 1;
    %pushi/vec4 1, 0, 1;
    %store/vec4 v000002ad33b3c670_0, 0, 1;
    %pushi/vec4 0, 0, 32;
    %store/vec4 v000002ad33b3bbd0_0, 0, 32;
    %pushi/vec4 0, 0, 32;
    %store/vec4 v000002ad33b3bd10_0, 0, 32;
    %pushi/vec4 15, 0, 4;
    %store/vec4 v000002ad33b3bdb0_0, 0, 4;
    %pushi/vec4 0, 0, 1;
    %store/vec4 v000002ad33b3bef0_0, 0, 1;
    %pushi/vec4 0, 0, 1;
    %store/vec4 v000002ad33b3bc70_0, 0, 1;
    %pushi/vec4 0, 0, 1;
    %store/vec4 v000002ad33b3be50_0, 0, 1;
    %end;
    .thread T_45, $init;
    .scope S_000002ad33a19cd0;
T_46 ;
    %delay 5000, 0;
    %load/vec4 v000002ad33b3b3b0_0;
    %inv;
    %store/vec4 v000002ad33b3b3b0_0, 0, 1;
    %jmp T_46;
    .thread T_46;
    .scope S_000002ad33a19cd0;
T_47 ;
    %delay 20000, 0;
    %pushi/vec4 0, 0, 1;
    %store/vec4 v000002ad33b3c670_0, 0, 1;
    %pushi/vec4 268455936, 0, 32;
    %store/vec4 v000002ad33b3bbd0_0, 0, 32;
    %pushi/vec4 7864321, 0, 32;
    %store/vec4 v000002ad33b3bd10_0, 0, 32;
    %pushi/vec4 1, 0, 1;
    %store/vec4 v000002ad33b3bef0_0, 0, 1;
    %pushi/vec4 1, 0, 1;
    %store/vec4 v000002ad33b3bc70_0, 0, 1;
    %pushi/vec4 1, 0, 1;
    %store/vec4 v000002ad33b3be50_0, 0, 1;
    %delay 10000, 0;
    %pushi/vec4 0, 0, 1;
    %store/vec4 v000002ad33b3bef0_0, 0, 1;
    %pushi/vec4 0, 0, 1;
    %store/vec4 v000002ad33b3bc70_0, 0, 1;
    %pushi/vec4 0, 0, 1;
    %store/vec4 v000002ad33b3be50_0, 0, 1;
    %delay 5000000, 0;
    %vpi_call/w 3 34 "$display", "scl=%b sda=%b", v000002ad33b3b450_0, v000002ad33b3b810_0 {0 0 0};
    %vpi_call/w 3 35 "$finish" {0 0 0};
    %end;
    .thread T_47;
# The file index is used to find the file name in the following table.
:file_names 7;
    "N/A";
    "<interactive>";
    "-";
    "tmp_i2c_check\tb.v";
    "src\wbi2c\wb_i2c_zipcpu.sv";
    "src\wbi2c\wbi2cmaster.v";
    "src\wbi2c\lli2cm.v";
